Copyright 1986-2022 Xilinx, Inc. All Rights Reserved. Copyright 2022-2024 Advanced Micro Devices, Inc. All Rights Reserved.
-----------------------------------------------------------------------------------------------------------------------------------------------------------------------------
| Tool Version : Vivado v.2024.2 (lin64) Build 5239630 Fri Nov 08 22:34:34 MST 2024
| Date         : Mon Sep 14 11:03:14 2026
| Host         : dlgus0630-850XAC running 64-bit Ubuntu 24.04.4 LTS
| Command      : report_timing_summary -report_unconstrained -file /home/dlgus0630/Downloads/fpga_fourier_pid_v4/Project07_VibrationNPU/reports/fourier_postroute/timing.rpt
| Design       : system_wrapper
| Device       : 7z020-clg400
| Speed File   : -1  PRODUCTION 1.12 2019-11-22
| Design State : Routed
-----------------------------------------------------------------------------------------------------------------------------------------------------------------------------

Timing Summary Report

------------------------------------------------------------------------------------------------
| Timer Settings
| --------------
------------------------------------------------------------------------------------------------

  Enable Multi Corner Analysis               :  Yes
  Enable Pessimism Removal                   :  Yes
  Pessimism Removal Resolution               :  Nearest Common Node
  Enable Input Delay Default Clock           :  No
  Enable Preset / Clear Arcs                 :  No
  Disable Flight Delays                      :  No
  Ignore I/O Paths                           :  No
  Timing Early Launch at Borrowing Latches   :  No
  Borrow Time for Max Delay Exceptions       :  Yes
  Merge Timing Exceptions                    :  Yes
  Inter-SLR Compensation                     :  Conservative

  Corner  Analyze    Analyze    
  Name    Max Paths  Min Paths  
  ------  ---------  ---------  
  Slow    Yes        Yes        
  Fast    Yes        Yes        


------------------------------------------------------------------------------------------------
| Report Methodology
| ------------------
------------------------------------------------------------------------------------------------

Rule     Severity  Description                   Violations  
-------  --------  ----------------------------  ----------  
LUTAR-1  Warning   LUT drives async reset alert  1           

Note: This report is based on the most recent report_methodology run and may not be up-to-date. Run report_methodology on the current design for the latest report.



check_timing report

Table of Contents
-----------------
1. checking no_clock (0)
2. checking constant_clock (0)
3. checking pulse_width_clock (0)
4. checking unconstrained_internal_endpoints (0)
5. checking no_input_delay (6)
6. checking no_output_delay (6)
7. checking multiple_clock (0)
8. checking generated_clocks (0)
9. checking loops (0)
10. checking partial_input_delay (0)
11. checking partial_output_delay (0)
12. checking latch_loops (0)

1. checking no_clock (0)
------------------------
 There are 0 register/latch pins with no clock.


2. checking constant_clock (0)
------------------------------
 There are 0 register/latch pins with constant_clock.


3. checking pulse_width_clock (0)
---------------------------------
 There are 0 register/latch pins which need pulse_width check


4. checking unconstrained_internal_endpoints (0)
------------------------------------------------
 There are 0 pins that are not constrained for maximum delay.

 There are 0 pins that are not constrained for maximum delay due to constant clock.


5. checking no_input_delay (6)
------------------------------
 There are 0 input ports with no input delay specified.

 There are 6 input ports with no input delay but user has a false path constraint. (MEDIUM)


6. checking no_output_delay (6)
-------------------------------
 There are 0 ports with no output delay specified.

 There are 6 ports with no output delay but user has a false path constraint (MEDIUM)

 There are 0 ports with no output delay but with a timing clock defined on it or propagating through it


7. checking multiple_clock (0)
------------------------------
 There are 0 register/latch pins with multiple clocks.


8. checking generated_clocks (0)
--------------------------------
 There are 0 generated clocks that are not connected to a clock source.


9. checking loops (0)
---------------------
 There are 0 combinational loops in the design.


10. checking partial_input_delay (0)
------------------------------------
 There are 0 input ports with partial input delay specified.


11. checking partial_output_delay (0)
-------------------------------------
 There are 0 ports with partial output delay specified.


12. checking latch_loops (0)
----------------------------
 There are 0 combinational latch loops in the design through latch input



------------------------------------------------------------------------------------------------
| Design Timing Summary
| ---------------------
------------------------------------------------------------------------------------------------

    WNS(ns)      TNS(ns)  TNS Failing Endpoints  TNS Total Endpoints      WHS(ns)      THS(ns)  THS Failing Endpoints  THS Total Endpoints     WPWS(ns)     TPWS(ns)  TPWS Failing Endpoints  TPWS Total Endpoints  
    -------      -------  ---------------------  -------------------      -------      -------  ---------------------  -------------------     --------     --------  ----------------------  --------------------  
      0.009        0.000                      0                21547        0.029        0.000                      0                21547        3.750        0.000                       0                  8230  


All user specified timing constraints are met.


------------------------------------------------------------------------------------------------
| Clock Summary
| -------------
------------------------------------------------------------------------------------------------

Clock       Waveform(ns)       Period(ns)      Frequency(MHz)
-----       ------------       ----------      --------------
clk_fpga_0  {0.000 5.000}      10.000          100.000         


------------------------------------------------------------------------------------------------
| Intra Clock Table
| -----------------
------------------------------------------------------------------------------------------------

Clock             WNS(ns)      TNS(ns)  TNS Failing Endpoints  TNS Total Endpoints      WHS(ns)      THS(ns)  THS Failing Endpoints  THS Total Endpoints     WPWS(ns)     TPWS(ns)  TPWS Failing Endpoints  TPWS Total Endpoints  
-----             -------      -------  ---------------------  -------------------      -------      -------  ---------------------  -------------------     --------     --------  ----------------------  --------------------  
clk_fpga_0          0.009        0.000                      0                21545        0.029        0.000                      0                21545        3.750        0.000                       0                  8230  


------------------------------------------------------------------------------------------------
| Inter Clock Table
| -----------------
------------------------------------------------------------------------------------------------

From Clock    To Clock          WNS(ns)      TNS(ns)  TNS Failing Endpoints  TNS Total Endpoints      WHS(ns)      THS(ns)  THS Failing Endpoints  THS Total Endpoints  
----------    --------          -------      -------  ---------------------  -------------------      -------      -------  ---------------------  -------------------  


------------------------------------------------------------------------------------------------
| Other Path Groups Table
| -----------------------
------------------------------------------------------------------------------------------------

Path Group         From Clock         To Clock               WNS(ns)      TNS(ns)  TNS Failing Endpoints  TNS Total Endpoints      WHS(ns)      THS(ns)  THS Failing Endpoints  THS Total Endpoints  
----------         ----------         --------               -------      -------  ---------------------  -------------------      -------      -------  ---------------------  -------------------  
**async_default**  clk_fpga_0         clk_fpga_0               4.450        0.000                      0                    2        1.866        0.000                      0                    2  


------------------------------------------------------------------------------------------------
| User Ignored Path Table
| -----------------------
------------------------------------------------------------------------------------------------

Path Group    From Clock    To Clock    
----------    ----------    --------    
(none)                                    
(none)        clk_fpga_0                  
(none)                      clk_fpga_0    
(none)        clk_fpga_0    clk_fpga_0    


------------------------------------------------------------------------------------------------
| Unconstrained Path Table
| ------------------------
------------------------------------------------------------------------------------------------

Path Group    From Clock    To Clock    
----------    ----------    --------    


------------------------------------------------------------------------------------------------
| Timing Details
| --------------
------------------------------------------------------------------------------------------------


---------------------------------------------------------------------------------------------------
From Clock:  clk_fpga_0
  To Clock:  clk_fpga_0

Setup :            0  Failing Endpoints,  Worst Slack        0.009ns,  Total Violation        0.000ns
Hold  :            0  Failing Endpoints,  Worst Slack        0.029ns,  Total Violation        0.000ns
PW    :            0  Failing Endpoints,  Worst Slack        3.750ns,  Total Violation        0.000ns
---------------------------------------------------------------------------------------------------


Max Delay Paths
--------------------------------------------------------------------------------------
Slack (MET) :             0.009ns  (required time - arrival time)
  Source:                 system_i/accelerator/inst/core/fft/k_reg[0]/C
                            (rising edge-triggered cell FDSE clocked by clk_fpga_0  {rise@0.000ns fall@5.000ns period=10.000ns})
  Destination:            system_i/accelerator/inst/core/fft/sums_reg[3][27]/D
                            (rising edge-triggered cell FDRE clocked by clk_fpga_0  {rise@0.000ns fall@5.000ns period=10.000ns})
  Path Group:             clk_fpga_0
  Path Type:              Setup (Max at Slow Process Corner)
  Requirement:            10.000ns  (clk_fpga_0 rise@10.000ns - clk_fpga_0 rise@0.000ns)
  Data Path Delay:        9.579ns  (logic 4.015ns (41.915%)  route 5.564ns (58.085%))
  Logic Levels:           15  (CARRY4=8 LUT2=1 LUT3=1 LUT5=1 LUT6=2 MUXF7=1 MUXF8=1)
  Clock Path Skew:        -0.191ns (DCD - SCD + CPR)
    Destination Clock Delay (DCD):    2.944ns = ( 12.944 - 10.000 ) 
    Source Clock Delay      (SCD):    3.273ns
    Clock Pessimism Removal (CPR):    0.138ns
  Clock Uncertainty:      0.154ns  ((TSJ^2 + TIJ^2)^1/2 + DJ) / 2 + PE
    Total System Jitter     (TSJ):    0.071ns
    Total Input Jitter      (TIJ):    0.300ns
    Discrete Jitter          (DJ):    0.000ns
    Phase Error              (PE):    0.000ns

    Location             Delay type                Incr(ns)  Path(ns)    Netlist Resource(s)
  -------------------------------------------------------------------    -------------------
                         (clock clk_fpga_0 rise edge)
                                                      0.000     0.000 r  
    PS7_X0Y0             PS7                          0.000     0.000 r  system_i/ps/inst/PS7_i/FCLKCLK[0]
                         net (fo=1, routed)           1.193     1.193    system_i/ps/inst/FCLK_CLK_unbuffered[0]
    BUFGCTRL_X0Y17       BUFG (Prop_bufg_I_O)         0.101     1.294 r  system_i/ps/inst/buffer_fclk_clk_0.FCLK_CLK_0_BUFG_replica/O
                         net (fo=2, routed)           0.146     1.440    system_i/ps/inst/FCLK_CLK0_repN
    BUFGCTRL_X0Y16       BUFG (Prop_bufg_I_O)         0.101     1.541 r  system_i/ps/inst/buffer_fclk_clk_0.FCLK_CLK_0_BUFG/O
                         net (fo=8230, routed)        1.732     3.273    system_i/accelerator/inst/core/fft/aclk
    SLICE_X65Y44         FDSE                                         r  system_i/accelerator/inst/core/fft/k_reg[0]/C
  -------------------------------------------------------------------    -------------------
    SLICE_X65Y44         FDSE (Prop_fdse_C_Q)         0.456     3.729 r  system_i/accelerator/inst/core/fft/k_reg[0]/Q
                         net (fo=528, routed)         1.128     4.857    system_i/accelerator/inst/core/fft/k_reg_n_0_[0]
    SLICE_X69Y41         LUT6 (Prop_lut6_I4_O)        0.124     4.981 f  system_i/accelerator/inst/core/fft/sums[3][3]_i_148/O
                         net (fo=1, routed)           0.000     4.981    system_i/accelerator/inst/core/fft/sums[3][3]_i_148_n_0
    SLICE_X69Y41         MUXF7 (Prop_muxf7_I1_O)      0.217     5.198 f  system_i/accelerator/inst/core/fft/sums_reg[3][3]_i_72/O
                         net (fo=1, routed)           0.000     5.198    system_i/accelerator/inst/core/fft/sums_reg[3][3]_i_72_n_0
    SLICE_X69Y41         MUXF8 (Prop_muxf8_I1_O)      0.094     5.292 f  system_i/accelerator/inst/core/fft/sums_reg[3][3]_i_34/O
                         net (fo=1, routed)           0.898     6.190    system_i/accelerator/inst/core/fft/sums_reg[3][3]_i_34_n_0
    SLICE_X61Y40         LUT6 (Prop_lut6_I1_O)        0.316     6.506 r  system_i/accelerator/inst/core/fft/sums[3][3]_i_17/O
                         net (fo=3, routed)           0.337     6.842    system_i/accelerator/inst/core/fft/sums[3][7]_i_82_n_0
    SLICE_X62Y40         CARRY4 (Prop_carry4_CYINIT_CO[3])
                                                      0.595     7.437 r  system_i/accelerator/inst/core/fft/sums_reg[3][7]_i_43/CO[3]
                         net (fo=1, routed)           0.000     7.437    system_i/accelerator/inst/core/fft/sums_reg[3][7]_i_43_n_0
    SLICE_X62Y41         CARRY4 (Prop_carry4_CI_O[1])
                                                      0.323     7.760 r  system_i/accelerator/inst/core/fft/sums_reg[3][11]_i_42/O[1]
                         net (fo=1, routed)           0.517     8.277    system_i/accelerator/inst/core/fft/sums_reg[3][11]_i_42_n_6
    SLICE_X64Y41         LUT3 (Prop_lut3_I0_O)        0.306     8.583 r  system_i/accelerator/inst/core/fft/sums[3][7]_i_12/O
                         net (fo=2, routed)           0.657     9.240    system_i/accelerator/inst/core/fft/p_1_in[6]
    SLICE_X64Y43         LUT5 (Prop_lut5_I3_O)        0.124     9.364 r  system_i/accelerator/inst/core/fft/sums[3][7]_i_3/O
                         net (fo=2, routed)           0.487     9.851    system_i/accelerator/inst/core/fft/sums[3][7]_i_3_n_0
    SLICE_X63Y43         CARRY4 (Prop_carry4_DI[3]_CO[3])
                                                      0.385    10.236 r  system_i/accelerator/inst/core/fft/sums_reg[3][7]_i_2/CO[3]
                         net (fo=1, routed)           0.000    10.236    system_i/accelerator/inst/core/fft/sums_reg[3][7]_i_2_n_0
    SLICE_X63Y44         CARRY4 (Prop_carry4_CI_CO[3])
                                                      0.114    10.350 r  system_i/accelerator/inst/core/fft/sums_reg[3][11]_i_2/CO[3]
                         net (fo=1, routed)           0.000    10.350    system_i/accelerator/inst/core/fft/sums_reg[3][11]_i_2_n_0
    SLICE_X63Y45         CARRY4 (Prop_carry4_CI_CO[3])
                                                      0.114    10.464 r  system_i/accelerator/inst/core/fft/sums_reg[3][15]_i_2/CO[3]
                         net (fo=1, routed)           0.000    10.464    system_i/accelerator/inst/core/fft/sums_reg[3][15]_i_2_n_0
    SLICE_X63Y46         CARRY4 (Prop_carry4_CI_CO[3])
                                                      0.114    10.578 r  system_i/accelerator/inst/core/fft/sums_reg[3][19]_i_2/CO[3]
                         net (fo=1, routed)           0.000    10.578    system_i/accelerator/inst/core/fft/sums_reg[3][19]_i_2_n_0
    SLICE_X63Y47         CARRY4 (Prop_carry4_CI_CO[3])
                                                      0.114    10.692 r  system_i/accelerator/inst/core/fft/sums_reg[3][23]_i_2/CO[3]
                         net (fo=1, routed)           0.000    10.692    system_i/accelerator/inst/core/fft/sums_reg[3][23]_i_2_n_0
    SLICE_X63Y48         CARRY4 (Prop_carry4_CI_O[3])
                                                      0.313    11.005 r  system_i/accelerator/inst/core/fft/sums_reg[3][27]_i_2/O[3]
                         net (fo=1, routed)           0.738    11.743    system_i/accelerator/inst/core/fft/sums_reg[3][27]_i_2_n_4
    SLICE_X63Y50         LUT2 (Prop_lut2_I1_O)        0.306    12.049 r  system_i/accelerator/inst/core/fft/sums[3][27]_i_1/O
                         net (fo=4, routed)           0.803    12.852    system_i/accelerator/inst/core/fft/sums[3][27]_i_1_n_0
    SLICE_X61Y50         FDRE                                         r  system_i/accelerator/inst/core/fft/sums_reg[3][27]/D
  -------------------------------------------------------------------    -------------------

                         (clock clk_fpga_0 rise edge)
                                                     10.000    10.000 r  
    PS7_X0Y0             PS7                          0.000    10.000 r  system_i/ps/inst/PS7_i/FCLKCLK[0]
                         net (fo=1, routed)           1.088    11.088    system_i/ps/inst/FCLK_CLK_unbuffered[0]
    BUFGCTRL_X0Y17       BUFG (Prop_bufg_I_O)         0.091    11.179 r  system_i/ps/inst/buffer_fclk_clk_0.FCLK_CLK_0_BUFG_replica/O
                         net (fo=2, routed)           0.133    11.312    system_i/ps/inst/FCLK_CLK0_repN
    BUFGCTRL_X0Y16       BUFG (Prop_bufg_I_O)         0.091    11.403 r  system_i/ps/inst/buffer_fclk_clk_0.FCLK_CLK_0_BUFG/O
                         net (fo=8230, routed)        1.541    12.944    system_i/accelerator/inst/core/fft/aclk
    SLICE_X61Y50         FDRE                                         r  system_i/accelerator/inst/core/fft/sums_reg[3][27]/C
                         clock pessimism              0.138    13.082    
                         clock uncertainty           -0.154    12.928    
    SLICE_X61Y50         FDRE (Setup_fdre_C_D)       -0.067    12.861    system_i/accelerator/inst/core/fft/sums_reg[3][27]
  -------------------------------------------------------------------
                         required time                         12.861    
                         arrival time                         -12.852    
  -------------------------------------------------------------------
                         slack                                  0.009    





Min Delay Paths
--------------------------------------------------------------------------------------
Slack (MET) :             0.029ns  (arrival time - required time)
  Source:                 <hidden>
                            (rising edge-triggered cell FDRE clocked by clk_fpga_0  {rise@0.000ns fall@5.000ns period=10.000ns})
  Destination:            <hidden>
                            (rising edge-triggered cell RAMD32 clocked by clk_fpga_0  {rise@0.000ns fall@5.000ns period=10.000ns})
  Path Group:             clk_fpga_0
  Path Type:              Hold (Min at Fast Process Corner)
  Requirement:            0.000ns  (clk_fpga_0 rise@0.000ns - clk_fpga_0 rise@0.000ns)
  Data Path Delay:        0.361ns  (logic 0.128ns (35.460%)  route 0.233ns (64.540%))
  Logic Levels:           0  
  Clock Path Skew:        0.265ns (DCD - SCD - CPR)
    Destination Clock Delay (DCD):    1.246ns
    Source Clock Delay      (SCD):    0.940ns
    Clock Pessimism Removal (CPR):    0.041ns

    Location             Delay type                Incr(ns)  Path(ns)    Netlist Resource(s)
  -------------------------------------------------------------------    -------------------
                         (clock clk_fpga_0 rise edge)
                                                      0.000     0.000 r  
    PS7_X0Y0             PS7                          0.000     0.000 r  system_i/ps/inst/PS7_i/FCLKCLK[0]
                         net (fo=1, routed)           0.310     0.310    system_i/ps/inst/FCLK_CLK_unbuffered[0]
    BUFGCTRL_X0Y17       BUFG (Prop_bufg_I_O)         0.026     0.336 r  system_i/ps/inst/buffer_fclk_clk_0.FCLK_CLK_0_BUFG_replica/O
                         net (fo=2, routed)           0.030     0.366    system_i/ps/inst/FCLK_CLK0_repN
    BUFGCTRL_X0Y16       BUFG (Prop_bufg_I_O)         0.026     0.392 r  system_i/ps/inst/buffer_fclk_clk_0.FCLK_CLK_0_BUFG/O
                         net (fo=8230, routed)        0.548     0.940    <hidden>
    SLICE_X51Y85         FDRE                                         r  <hidden>
  -------------------------------------------------------------------    -------------------
    SLICE_X51Y85         FDRE (Prop_fdre_C_Q)         0.128     1.068 r  <hidden>
                         net (fo=1, routed)           0.233     1.301    <hidden>
    SLICE_X46Y84         RAMD32                                       r  <hidden>
  -------------------------------------------------------------------    -------------------

                         (clock clk_fpga_0 rise edge)
                                                      0.000     0.000 r  
    PS7_X0Y0             PS7                          0.000     0.000 r  system_i/ps/inst/PS7_i/FCLKCLK[0]
                         net (fo=1, routed)           0.337     0.337    system_i/ps/inst/FCLK_CLK_unbuffered[0]
    BUFGCTRL_X0Y17       BUFG (Prop_bufg_I_O)         0.029     0.366 r  system_i/ps/inst/buffer_fclk_clk_0.FCLK_CLK_0_BUFG_replica/O
                         net (fo=2, routed)           0.033     0.399    system_i/ps/inst/FCLK_CLK0_repN
    BUFGCTRL_X0Y16       BUFG (Prop_bufg_I_O)         0.029     0.428 r  system_i/ps/inst/buffer_fclk_clk_0.FCLK_CLK_0_BUFG/O
                         net (fo=8230, routed)        0.818     1.246    <hidden>
    SLICE_X46Y84         RAMD32                                       r  <hidden>
                         clock pessimism             -0.041     1.205    
    SLICE_X46Y84         RAMD32 (Hold_ramd32_CLK_I)
                                                      0.067     1.272    <hidden>
  -------------------------------------------------------------------
                         required time                         -1.272    
                         arrival time                           1.301    
  -------------------------------------------------------------------
                         slack                                  0.029    





Pulse Width Checks
--------------------------------------------------------------------------------------
Clock Name:         clk_fpga_0
Waveform(ns):       { 0.000 5.000 }
Period(ns):         10.000
Sources:            { system_i/ps/inst/PS7_i/FCLKCLK[0] }

Check Type        Corner  Lib Pin      Reference Pin  Required(ns)  Actual(ns)  Slack(ns)  Location      Pin
Min Period        n/a     DSP48E1/CLK  n/a            3.884         10.000      6.116      DSP48_X3Y15   system_i/accelerator/inst/core/fft/imag_product/CLK
Low Pulse Width   Slow    RAMD32/CLK   n/a            1.250         5.000       3.750      SLICE_X58Y97  <hidden>
High Pulse Width  Slow    RAMD32/CLK   n/a            1.250         5.000       3.750      SLICE_X58Y97  <hidden>



---------------------------------------------------------------------------------------------------
Path Group:  **async_default**
From Clock:  clk_fpga_0
  To Clock:  clk_fpga_0

Setup :            0  Failing Endpoints,  Worst Slack        4.450ns,  Total Violation        0.000ns
Hold  :            0  Failing Endpoints,  Worst Slack        1.866ns,  Total Violation        0.000ns
---------------------------------------------------------------------------------------------------


Max Delay Paths
--------------------------------------------------------------------------------------
Slack (MET) :             4.450ns  (required time - arrival time)
  Source:                 system_i/reset/U0/ACTIVE_LOW_PR_OUT_DFF[0].FDRE_PER_N/C
                            (rising edge-triggered cell FDRE clocked by clk_fpga_0  {rise@0.000ns fall@5.000ns period=10.000ns})
  Destination:            system_i/motor/inst/resetter/reset_pipe_reg[0]/PRE
                            (recovery check against rising-edge clock clk_fpga_0  {rise@0.000ns fall@5.000ns period=10.000ns})
  Path Group:             **async_default**
  Path Type:              Recovery (Max at Slow Process Corner)
  Requirement:            10.000ns  (clk_fpga_0 rise@10.000ns - clk_fpga_0 rise@0.000ns)
  Data Path Delay:        4.757ns  (logic 0.642ns (13.496%)  route 4.115ns (86.504%))
  Logic Levels:           1  (LUT2=1)
  Clock Path Skew:        -0.278ns (DCD - SCD + CPR)
    Destination Clock Delay (DCD):    3.011ns = ( 13.011 - 10.000 ) 
    Source Clock Delay      (SCD):    3.441ns
    Clock Pessimism Removal (CPR):    0.152ns
  Clock Uncertainty:      0.154ns  ((TSJ^2 + TIJ^2)^1/2 + DJ) / 2 + PE
    Total System Jitter     (TSJ):    0.071ns
    Total Input Jitter      (TIJ):    0.300ns
    Discrete Jitter          (DJ):    0.000ns
    Phase Error              (PE):    0.000ns

    Location             Delay type                Incr(ns)  Path(ns)    Netlist Resource(s)
  -------------------------------------------------------------------    -------------------
                         (clock clk_fpga_0 rise edge)
                                                      0.000     0.000 r  
    PS7_X0Y0             PS7                          0.000     0.000 r  system_i/ps/inst/PS7_i/FCLKCLK[0]
                         net (fo=1, routed)           1.193     1.193    system_i/ps/inst/FCLK_CLK_unbuffered[0]
    BUFGCTRL_X0Y17       BUFG (Prop_bufg_I_O)         0.101     1.294 r  system_i/ps/inst/buffer_fclk_clk_0.FCLK_CLK_0_BUFG_replica/O
                         net (fo=2, routed)           0.146     1.440    system_i/ps/inst/FCLK_CLK0_repN
    BUFGCTRL_X0Y16       BUFG (Prop_bufg_I_O)         0.101     1.541 r  system_i/ps/inst/buffer_fclk_clk_0.FCLK_CLK_0_BUFG/O
                         net (fo=8230, routed)        1.900     3.441    system_i/reset/U0/slowest_sync_clk
    SLICE_X66Y115        FDRE                                         r  system_i/reset/U0/ACTIVE_LOW_PR_OUT_DFF[0].FDRE_PER_N/C
  -------------------------------------------------------------------    -------------------
    SLICE_X66Y115        FDRE (Prop_fdre_C_Q)         0.518     3.959 r  system_i/reset/U0/ACTIVE_LOW_PR_OUT_DFF[0].FDRE_PER_N/Q
                         net (fo=51, routed)          3.579     7.538    system_i/motor/inst/resetter/reset_n
    SLICE_X104Y91        LUT2 (Prop_lut2_I1_O)        0.124     7.662 f  system_i/motor/inst/resetter/reset_pipe[1]_i_1/O
                         net (fo=2, routed)           0.536     8.198    system_i/motor/inst/resetter/async_reset0
    SLICE_X102Y91        FDPE                                         f  system_i/motor/inst/resetter/reset_pipe_reg[0]/PRE
  -------------------------------------------------------------------    -------------------

                         (clock clk_fpga_0 rise edge)
                                                     10.000    10.000 r  
    PS7_X0Y0             PS7                          0.000    10.000 r  system_i/ps/inst/PS7_i/FCLKCLK[0]
                         net (fo=1, routed)           1.088    11.088    system_i/ps/inst/FCLK_CLK_unbuffered[0]
    BUFGCTRL_X0Y17       BUFG (Prop_bufg_I_O)         0.091    11.179 r  system_i/ps/inst/buffer_fclk_clk_0.FCLK_CLK_0_BUFG_replica/O
                         net (fo=2, routed)           0.133    11.312    system_i/ps/inst/FCLK_CLK0_repN
    BUFGCTRL_X0Y16       BUFG (Prop_bufg_I_O)         0.091    11.403 r  system_i/ps/inst/buffer_fclk_clk_0.FCLK_CLK_0_BUFG/O
                         net (fo=8230, routed)        1.608    13.011    system_i/motor/inst/resetter/clk
    SLICE_X102Y91        FDPE                                         r  system_i/motor/inst/resetter/reset_pipe_reg[0]/C
                         clock pessimism              0.152    13.163    
                         clock uncertainty           -0.154    13.009    
    SLICE_X102Y91        FDPE (Recov_fdpe_C_PRE)     -0.361    12.648    system_i/motor/inst/resetter/reset_pipe_reg[0]
  -------------------------------------------------------------------
                         required time                         12.648    
                         arrival time                          -8.198    
  -------------------------------------------------------------------
                         slack                                  4.450    





Min Delay Paths
--------------------------------------------------------------------------------------
Slack (MET) :             1.866ns  (arrival time - required time)
  Source:                 system_i/reset/U0/ACTIVE_LOW_PR_OUT_DFF[0].FDRE_PER_N/C
                            (rising edge-triggered cell FDRE clocked by clk_fpga_0  {rise@0.000ns fall@5.000ns period=10.000ns})
  Destination:            system_i/motor/inst/resetter/reset_pipe_reg[0]/PRE
                            (removal check against rising-edge clock clk_fpga_0  {rise@0.000ns fall@5.000ns period=10.000ns})
  Path Group:             **async_default**
  Path Type:              Removal (Min at Fast Process Corner)
  Requirement:            0.000ns  (clk_fpga_0 rise@0.000ns - clk_fpga_0 rise@0.000ns)
  Data Path Delay:        2.010ns  (logic 0.209ns (10.399%)  route 1.801ns (89.601%))
  Logic Levels:           1  (LUT2=1)
  Clock Path Skew:        0.215ns (DCD - SCD - CPR)
    Destination Clock Delay (DCD):    1.305ns
    Source Clock Delay      (SCD):    1.049ns
    Clock Pessimism Removal (CPR):    0.041ns

    Location             Delay type                Incr(ns)  Path(ns)    Netlist Resource(s)
  -------------------------------------------------------------------    -------------------
                         (clock clk_fpga_0 rise edge)
                                                      0.000     0.000 r  
    PS7_X0Y0             PS7                          0.000     0.000 r  system_i/ps/inst/PS7_i/FCLKCLK[0]
                         net (fo=1, routed)           0.310     0.310    system_i/ps/inst/FCLK_CLK_unbuffered[0]
    BUFGCTRL_X0Y17       BUFG (Prop_bufg_I_O)         0.026     0.336 r  system_i/ps/inst/buffer_fclk_clk_0.FCLK_CLK_0_BUFG_replica/O
                         net (fo=2, routed)           0.030     0.366    system_i/ps/inst/FCLK_CLK0_repN
    BUFGCTRL_X0Y16       BUFG (Prop_bufg_I_O)         0.026     0.392 r  system_i/ps/inst/buffer_fclk_clk_0.FCLK_CLK_0_BUFG/O
                         net (fo=8230, routed)        0.657     1.049    system_i/reset/U0/slowest_sync_clk
    SLICE_X66Y115        FDRE                                         r  system_i/reset/U0/ACTIVE_LOW_PR_OUT_DFF[0].FDRE_PER_N/C
  -------------------------------------------------------------------    -------------------
    SLICE_X66Y115        FDRE (Prop_fdre_C_Q)         0.164     1.213 r  system_i/reset/U0/ACTIVE_LOW_PR_OUT_DFF[0].FDRE_PER_N/Q
                         net (fo=51, routed)          1.622     2.835    system_i/motor/inst/resetter/reset_n
    SLICE_X104Y91        LUT2 (Prop_lut2_I1_O)        0.045     2.880 f  system_i/motor/inst/resetter/reset_pipe[1]_i_1/O
                         net (fo=2, routed)           0.179     3.059    system_i/motor/inst/resetter/async_reset0
    SLICE_X102Y91        FDPE                                         f  system_i/motor/inst/resetter/reset_pipe_reg[0]/PRE
  -------------------------------------------------------------------    -------------------

                         (clock clk_fpga_0 rise edge)
                                                      0.000     0.000 r  
    PS7_X0Y0             PS7                          0.000     0.000 r  system_i/ps/inst/PS7_i/FCLKCLK[0]
                         net (fo=1, routed)           0.337     0.337    system_i/ps/inst/FCLK_CLK_unbuffered[0]
    BUFGCTRL_X0Y17       BUFG (Prop_bufg_I_O)         0.029     0.366 r  system_i/ps/inst/buffer_fclk_clk_0.FCLK_CLK_0_BUFG_replica/O
                         net (fo=2, routed)           0.033     0.399    system_i/ps/inst/FCLK_CLK0_repN
    BUFGCTRL_X0Y16       BUFG (Prop_bufg_I_O)         0.029     0.428 r  system_i/ps/inst/buffer_fclk_clk_0.FCLK_CLK_0_BUFG/O
                         net (fo=8230, routed)        0.877     1.305    system_i/motor/inst/resetter/clk
    SLICE_X102Y91        FDPE                                         r  system_i/motor/inst/resetter/reset_pipe_reg[0]/C
                         clock pessimism             -0.041     1.264    
    SLICE_X102Y91        FDPE (Remov_fdpe_C_PRE)     -0.071     1.193    system_i/motor/inst/resetter/reset_pipe_reg[0]
  -------------------------------------------------------------------
                         required time                         -1.193    
                         arrival time                           3.059    
  -------------------------------------------------------------------
                         slack                                  1.866    





--------------------------------------------------------------------------------------
Path Group:  (none)
From Clock:  
  To Clock:  

Max Delay             3 Endpoints
Min Delay             3 Endpoints
--------------------------------------------------------------------------------------


Max Delay Paths
--------------------------------------------------------------------------------------
Slack:                    inf
  Source:                 motor_stop
                            (input port)
  Destination:            motor_armed
                            (output port)
  Path Group:             (none)
  Path Type:              Max at Slow Process Corner
  Data Path Delay:        10.680ns  (logic 5.430ns (50.842%)  route 5.250ns (49.158%))
  Logic Levels:           3  (IBUF=1 LUT4=1 OBUF=1)
  Timing Exception:       False Path

    Location             Delay type                Incr(ns)  Path(ns)    Netlist Resource(s)
  -------------------------------------------------------------------    -------------------
    K18                                               0.000     0.000 f  motor_stop (IN)
                         net (fo=0)                   0.000     0.000    motor_stop
    K18                  IBUF (Prop_ibuf_I_O)         1.489     1.489 f  motor_stop_IBUF_inst/O
                         net (fo=6, routed)           2.752     4.241    system_i/motor/inst/resetter/stop_button
    SLICE_X104Y91        LUT4 (Prop_lut4_I1_O)        0.153     4.394 r  system_i/motor/inst/resetter/motor_armed_INST_0/O
                         net (fo=3, routed)           2.498     6.892    motor_armed_OBUF
    M14                  OBUF (Prop_obuf_I_O)         3.788    10.680 r  motor_armed_OBUF_inst/O
                         net (fo=0)                   0.000    10.680    motor_armed
    M14                                                               r  motor_armed (OUT)
  -------------------------------------------------------------------    -------------------





Min Delay Paths
--------------------------------------------------------------------------------------
Slack:                    inf
  Source:                 motor_stop
                            (input port)
  Destination:            motor_pwm
                            (output port)
  Path Group:             (none)
  Path Type:              Min at Fast Process Corner
  Data Path Delay:        3.168ns  (logic 1.657ns (52.324%)  route 1.510ns (47.676%))
  Logic Levels:           3  (IBUF=1 LUT5=1 OBUF=1)
  Timing Exception:       False Path

    Location             Delay type                Incr(ns)  Path(ns)    Netlist Resource(s)
  -------------------------------------------------------------------    -------------------
    K18                                               0.000     0.000 f  motor_stop (IN)
                         net (fo=0)                   0.000     0.000    motor_stop
    K18                  IBUF (Prop_ibuf_I_O)         0.257     0.257 f  motor_stop_IBUF_inst/O
                         net (fo=6, routed)           1.031     1.288    system_i/motor/inst/pwm_unit/stop_button
    SLICE_X104Y90        LUT5 (Prop_lut5_I3_O)        0.049     1.337 r  system_i/motor/inst/pwm_unit/motor_pwm_INST_0/O
                         net (fo=1, routed)           0.479     1.816    motor_pwm_OBUF
    T14                  OBUF (Prop_obuf_I_O)         1.352     3.168 r  motor_pwm_OBUF_inst/O
                         net (fo=0)                   0.000     3.168    motor_pwm
    T14                                                               r  motor_pwm (OUT)
  -------------------------------------------------------------------    -------------------





--------------------------------------------------------------------------------------
Path Group:  (none)
From Clock:  clk_fpga_0
  To Clock:  

Max Delay             6 Endpoints
Min Delay             6 Endpoints
--------------------------------------------------------------------------------------


Max Delay Paths
--------------------------------------------------------------------------------------
Slack:                    inf
  Source:                 system_i/reset/U0/ACTIVE_LOW_PR_OUT_DFF[0].FDRE_PER_N/C
                            (rising edge-triggered cell FDRE clocked by clk_fpga_0  {rise@0.000ns fall@5.000ns period=10.000ns})
  Destination:            motor_armed
                            (output port)
  Path Group:             (none)
  Path Type:              Max at Slow Process Corner
  Data Path Delay:        10.536ns  (logic 4.459ns (42.320%)  route 6.077ns (57.680%))
  Logic Levels:           2  (LUT4=1 OBUF=1)
  Clock Uncertainty:      0.152ns  ((TSJ^2 + TIJ^2)^1/2 + DJ) / 2 + PE
    Total System Jitter     (TSJ):    0.050ns
    Total Input Jitter      (TIJ):    0.300ns
    Discrete Jitter          (DJ):    0.000ns
    Phase Error              (PE):    0.000ns
  Timing Exception:       False Path

    Location             Delay type                Incr(ns)  Path(ns)    Netlist Resource(s)
  -------------------------------------------------------------------    -------------------
                         (clock clk_fpga_0 rise edge)
                                                      0.000     0.000 r  
    PS7_X0Y0             PS7                          0.000     0.000 r  system_i/ps/inst/PS7_i/FCLKCLK[0]
                         net (fo=1, routed)           1.193     1.193    system_i/ps/inst/FCLK_CLK_unbuffered[0]
    BUFGCTRL_X0Y17       BUFG (Prop_bufg_I_O)         0.101     1.294 r  system_i/ps/inst/buffer_fclk_clk_0.FCLK_CLK_0_BUFG_replica/O
                         net (fo=2, routed)           0.146     1.440    system_i/ps/inst/FCLK_CLK0_repN
    BUFGCTRL_X0Y16       BUFG (Prop_bufg_I_O)         0.101     1.541 r  system_i/ps/inst/buffer_fclk_clk_0.FCLK_CLK_0_BUFG/O
                         net (fo=8230, routed)        1.900     3.441    system_i/reset/U0/slowest_sync_clk
    SLICE_X66Y115        FDRE                                         r  system_i/reset/U0/ACTIVE_LOW_PR_OUT_DFF[0].FDRE_PER_N/C
  -------------------------------------------------------------------    -------------------
    SLICE_X66Y115        FDRE (Prop_fdre_C_Q)         0.518     3.959 r  system_i/reset/U0/ACTIVE_LOW_PR_OUT_DFF[0].FDRE_PER_N/Q
                         net (fo=51, routed)          3.579     7.538    system_i/motor/inst/resetter/reset_n
    SLICE_X104Y91        LUT4 (Prop_lut4_I0_O)        0.153     7.691 r  system_i/motor/inst/resetter/motor_armed_INST_0/O
                         net (fo=3, routed)           2.498    10.189    motor_armed_OBUF
    M14                  OBUF (Prop_obuf_I_O)         3.788    13.977 r  motor_armed_OBUF_inst/O
                         net (fo=0)                   0.000    13.977    motor_armed
    M14                                                               r  motor_armed (OUT)
  -------------------------------------------------------------------    -------------------





Min Delay Paths
--------------------------------------------------------------------------------------
Slack:                    inf
  Source:                 system_i/motor/inst/armed_reg/C
                            (rising edge-triggered cell FDRE clocked by clk_fpga_0  {rise@0.000ns fall@5.000ns period=10.000ns})
  Destination:            motor_pwm
                            (output port)
  Path Group:             (none)
  Path Type:              Min at Fast Process Corner
  Data Path Delay:        2.355ns  (logic 1.561ns (66.277%)  route 0.794ns (33.723%))
  Logic Levels:           2  (LUT5=1 OBUF=1)
  Clock Uncertainty:      0.152ns  ((TSJ^2 + TIJ^2)^1/2 + DJ) / 2 + PE
    Total System Jitter     (TSJ):    0.050ns
    Total Input Jitter      (TIJ):    0.300ns
    Discrete Jitter          (DJ):    0.000ns
    Phase Error              (PE):    0.000ns
  Timing Exception:       False Path

    Location             Delay type                Incr(ns)  Path(ns)    Netlist Resource(s)
  -------------------------------------------------------------------    -------------------
                         (clock clk_fpga_0 rise edge)
                                                      0.000     0.000 r  
    PS7_X0Y0             PS7                          0.000     0.000 r  system_i/ps/inst/PS7_i/FCLKCLK[0]
                         net (fo=1, routed)           0.310     0.310    system_i/ps/inst/FCLK_CLK_unbuffered[0]
    BUFGCTRL_X0Y17       BUFG (Prop_bufg_I_O)         0.026     0.336 r  system_i/ps/inst/buffer_fclk_clk_0.FCLK_CLK_0_BUFG_replica/O
                         net (fo=2, routed)           0.030     0.366    system_i/ps/inst/FCLK_CLK0_repN
    BUFGCTRL_X0Y16       BUFG (Prop_bufg_I_O)         0.026     0.392 r  system_i/ps/inst/buffer_fclk_clk_0.FCLK_CLK_0_BUFG/O
                         net (fo=8230, routed)        0.607     0.999    system_i/motor/inst/clk
    SLICE_X104Y91        FDRE                                         r  system_i/motor/inst/armed_reg/C
  -------------------------------------------------------------------    -------------------
    SLICE_X104Y91        FDRE (Prop_fdre_C_Q)         0.164     1.163 r  system_i/motor/inst/armed_reg/Q
                         net (fo=6, routed)           0.315     1.477    system_i/motor/inst/pwm_unit/count_reg[12]_0
    SLICE_X104Y90        LUT5 (Prop_lut5_I2_O)        0.045     1.522 r  system_i/motor/inst/pwm_unit/motor_pwm_INST_0/O
                         net (fo=1, routed)           0.479     2.002    motor_pwm_OBUF
    T14                  OBUF (Prop_obuf_I_O)         1.352     3.354 r  motor_pwm_OBUF_inst/O
                         net (fo=0)                   0.000     3.354    motor_pwm
    T14                                                               r  motor_pwm (OUT)
  -------------------------------------------------------------------    -------------------





--------------------------------------------------------------------------------------
Path Group:  (none)
From Clock:  
  To Clock:  clk_fpga_0

Max Delay            44 Endpoints
Min Delay            44 Endpoints
--------------------------------------------------------------------------------------


Max Delay Paths
--------------------------------------------------------------------------------------
Slack:                    inf
  Source:                 motor_stop
                            (input port)
  Destination:            system_i/motor/inst/fault_count_reg[0]/R
                            (rising edge-triggered cell FDRE clocked by clk_fpga_0  {rise@0.000ns fall@5.000ns period=10.000ns})
  Path Group:             (none)
  Path Type:              Setup (Max at Slow Process Corner)
  Data Path Delay:        5.711ns  (logic 1.613ns (28.242%)  route 4.098ns (71.758%))
  Logic Levels:           2  (IBUF=1 LUT6=1)
  Clock Path Skew:        3.008ns (DCD - SCD + CPR)
    Destination Clock Delay (DCD):    3.008ns
    Source Clock Delay      (SCD):    0.000ns
    Clock Pessimism Removal (CPR):    0.000ns
  Clock Uncertainty:      0.152ns  ((TSJ^2 + TIJ^2)^1/2 + DJ) / 2 + PE
    Total System Jitter     (TSJ):    0.050ns
    Total Input Jitter      (TIJ):    0.300ns
    Discrete Jitter          (DJ):    0.000ns
    Phase Error              (PE):    0.000ns
  Timing Exception:       False Path

    Location             Delay type                Incr(ns)  Path(ns)    Netlist Resource(s)
  -------------------------------------------------------------------    -------------------
    K18                                               0.000     0.000 r  motor_stop (IN)
                         net (fo=0)                   0.000     0.000    motor_stop
    K18                  IBUF (Prop_ibuf_I_O)         1.489     1.489 r  motor_stop_IBUF_inst/O
                         net (fo=6, routed)           2.761     4.250    system_i/motor/inst/resetter/stop_button
    SLICE_X104Y91        LUT6 (Prop_lut6_I1_O)        0.124     4.374 r  system_i/motor/inst/resetter/fault_count[0]_i_1/O
                         net (fo=21, routed)          1.337     5.711    system_i/motor/inst/resetter_n_2
    SLICE_X96Y88         FDRE                                         r  system_i/motor/inst/fault_count_reg[0]/R
  -------------------------------------------------------------------    -------------------

                         (clock clk_fpga_0 rise edge)
                                                      0.000     0.000 r  
    PS7_X0Y0             PS7                          0.000     0.000 r  system_i/ps/inst/PS7_i/FCLKCLK[0]
                         net (fo=1, routed)           1.088     1.088    system_i/ps/inst/FCLK_CLK_unbuffered[0]
    BUFGCTRL_X0Y17       BUFG (Prop_bufg_I_O)         0.091     1.179 r  system_i/ps/inst/buffer_fclk_clk_0.FCLK_CLK_0_BUFG_replica/O
                         net (fo=2, routed)           0.133     1.312    system_i/ps/inst/FCLK_CLK0_repN
    BUFGCTRL_X0Y16       BUFG (Prop_bufg_I_O)         0.091     1.403 r  system_i/ps/inst/buffer_fclk_clk_0.FCLK_CLK_0_BUFG/O
                         net (fo=8230, routed)        1.605     3.008    system_i/motor/inst/clk
    SLICE_X96Y88         FDRE                                         r  system_i/motor/inst/fault_count_reg[0]/C





Min Delay Paths
--------------------------------------------------------------------------------------
Slack:                    inf
  Source:                 motor_sw[2]
                            (input port)
  Destination:            system_i/motor/inst/sw_meta_reg[2]/D
                            (rising edge-triggered cell FDRE clocked by clk_fpga_0  {rise@0.000ns fall@5.000ns period=10.000ns})
  Path Group:             (none)
  Path Type:              Hold (Min at Fast Process Corner)
  Data Path Delay:        0.847ns  (logic 0.299ns (35.267%)  route 0.548ns (64.733%))
  Logic Levels:           1  (IBUF=1)
  Clock Path Skew:        1.306ns (DCD - SCD - CPR)
    Destination Clock Delay (DCD):    1.306ns
    Source Clock Delay      (SCD):    0.000ns
    Clock Pessimism Removal (CPR):    -0.000ns
  Timing Exception:       False Path

    Location             Delay type                Incr(ns)  Path(ns)    Netlist Resource(s)
  -------------------------------------------------------------------    -------------------
    W13                                               0.000     0.000 r  motor_sw[2] (IN)
                         net (fo=0)                   0.000     0.000    motor_sw[2]
    W13                  IBUF (Prop_ibuf_I_O)         0.299     0.299 r  motor_sw_IBUF[2]_inst/O
                         net (fo=1, routed)           0.548     0.847    system_i/motor/inst/sw[2]
    SLICE_X104Y90        FDRE                                         r  system_i/motor/inst/sw_meta_reg[2]/D
  -------------------------------------------------------------------    -------------------

                         (clock clk_fpga_0 rise edge)
                                                      0.000     0.000 r  
    PS7_X0Y0             PS7                          0.000     0.000 r  system_i/ps/inst/PS7_i/FCLKCLK[0]
                         net (fo=1, routed)           0.337     0.337    system_i/ps/inst/FCLK_CLK_unbuffered[0]
    BUFGCTRL_X0Y17       BUFG (Prop_bufg_I_O)         0.029     0.366 r  system_i/ps/inst/buffer_fclk_clk_0.FCLK_CLK_0_BUFG_replica/O
                         net (fo=2, routed)           0.033     0.399    system_i/ps/inst/FCLK_CLK0_repN
    BUFGCTRL_X0Y16       BUFG (Prop_bufg_I_O)         0.029     0.428 r  system_i/ps/inst/buffer_fclk_clk_0.FCLK_CLK_0_BUFG/O
                         net (fo=8230, routed)        0.878     1.306    system_i/motor/inst/clk
    SLICE_X104Y90        FDRE                                         r  system_i/motor/inst/sw_meta_reg[2]/C





--------------------------------------------------------------------------------------
Path Group:  (none)
From Clock:  clk_fpga_0
  To Clock:  clk_fpga_0

Max Delay            61 Endpoints
Min Delay            61 Endpoints
--------------------------------------------------------------------------------------


Max Delay Paths
--------------------------------------------------------------------------------------
Slack:                    inf
  Source:                 system_i/interconnect/inst/clk_map/psr_aclk/U0/ACTIVE_LOW_BSR_OUT_DFF[0].FDRE_BSR_N/C
                            (rising edge-triggered cell FDRE clocked by clk_fpga_0  {rise@0.000ns fall@5.000ns period=10.000ns})
  Destination:            <hidden>
                            (recovery check against rising-edge clock clk_fpga_0  {rise@0.000ns fall@5.000ns period=10.000ns})
  Path Group:             (none)
  Path Type:              Recovery (Max at Slow Process Corner)
  Data Path Delay:        3.947ns  (logic 0.580ns (14.694%)  route 3.367ns (85.306%))
  Logic Levels:           1  (LUT1=1)
  Clock Path Skew:        -0.343ns (DCD - SCD + CPR)
    Destination Clock Delay (DCD):    3.091ns
    Source Clock Delay      (SCD):    3.434ns
    Clock Pessimism Removal (CPR):    0.000ns
  Clock Uncertainty:      0.154ns  ((TSJ^2 + TIJ^2)^1/2 + DJ) / 2 + PE
    Total System Jitter     (TSJ):    0.071ns
    Total Input Jitter      (TIJ):    0.300ns
    Discrete Jitter          (DJ):    0.000ns
    Phase Error              (PE):    0.000ns
  Timing Exception:       False Path

    Location             Delay type                Incr(ns)  Path(ns)    Netlist Resource(s)
  -------------------------------------------------------------------    -------------------
                         (clock clk_fpga_0 rise edge)
                                                      0.000     0.000 r  
    PS7_X0Y0             PS7                          0.000     0.000 r  system_i/ps/inst/PS7_i/FCLKCLK[0]
                         net (fo=1, routed)           1.193     1.193    system_i/ps/inst/FCLK_CLK_unbuffered[0]
    BUFGCTRL_X0Y17       BUFG (Prop_bufg_I_O)         0.101     1.294 r  system_i/ps/inst/buffer_fclk_clk_0.FCLK_CLK_0_BUFG_replica/O
                         net (fo=2, routed)           0.146     1.440    system_i/ps/inst/FCLK_CLK0_repN
    BUFGCTRL_X0Y16       BUFG (Prop_bufg_I_O)         0.101     1.541 r  system_i/ps/inst/buffer_fclk_clk_0.FCLK_CLK_0_BUFG/O
                         net (fo=8230, routed)        1.893     3.434    system_i/interconnect/inst/clk_map/psr_aclk/U0/aclk
    SLICE_X63Y120        FDRE                                         r  system_i/interconnect/inst/clk_map/psr_aclk/U0/ACTIVE_LOW_BSR_OUT_DFF[0].FDRE_BSR_N/C
  -------------------------------------------------------------------    -------------------
    SLICE_X63Y120        FDRE (Prop_fdre_C_Q)         0.456     3.890 r  system_i/interconnect/inst/clk_map/psr_aclk/U0/ACTIVE_LOW_BSR_OUT_DFF[0].FDRE_BSR_N/Q
                         net (fo=20, routed)          2.765     6.655    <hidden>
    SLICE_X27Y116        LUT1 (Prop_lut1_I0_O)        0.124     6.779 f  <hidden>
                         net (fo=3, routed)           0.602     7.381    <hidden>
    SLICE_X27Y116        FDCE                                         f  <hidden>
  -------------------------------------------------------------------    -------------------

                         (clock clk_fpga_0 rise edge)
                                                      0.000     0.000 r  
    PS7_X0Y0             PS7                          0.000     0.000 r  system_i/ps/inst/PS7_i/FCLKCLK[0]
                         net (fo=1, routed)           1.088     1.088    system_i/ps/inst/FCLK_CLK_unbuffered[0]
    BUFGCTRL_X0Y17       BUFG (Prop_bufg_I_O)         0.091     1.179 r  system_i/ps/inst/buffer_fclk_clk_0.FCLK_CLK_0_BUFG_replica/O
                         net (fo=2, routed)           0.133     1.312    system_i/ps/inst/FCLK_CLK0_repN
    BUFGCTRL_X0Y16       BUFG (Prop_bufg_I_O)         0.091     1.403 r  system_i/ps/inst/buffer_fclk_clk_0.FCLK_CLK_0_BUFG/O
                         net (fo=8230, routed)        1.688     3.091    <hidden>
    SLICE_X27Y116        FDCE                                         r  <hidden>





Min Delay Paths
--------------------------------------------------------------------------------------
Slack:                    inf
  Source:                 system_i/reset/U0/ACTIVE_LOW_BSR_OUT_DFF[0].FDRE_BSR_N/C
                            (rising edge-triggered cell FDRE clocked by clk_fpga_0  {rise@0.000ns fall@5.000ns period=10.000ns})
  Destination:            system_i/interconnect/inst/clk_map/psr_aclk/U0/EXT_LPF/ACTIVE_LOW_AUX.ACT_LO_AUX/GENERATE_LEVEL_P_S_CDC.SINGLE_BIT.CROSS_PLEVEL_IN2SCNDRY_IN_cdc_to/D
                            (rising edge-triggered cell FDRE clocked by clk_fpga_0  {rise@0.000ns fall@5.000ns period=10.000ns})
  Path Group:             (none)
  Path Type:              Hold (Min at Fast Process Corner)
  Data Path Delay:        0.519ns  (logic 0.186ns (35.826%)  route 0.333ns (64.174%))
  Logic Levels:           1  (LUT1=1)
  Clock Path Skew:        0.306ns (DCD - SCD - CPR)
    Destination Clock Delay (DCD):    1.352ns
    Source Clock Delay      (SCD):    1.046ns
    Clock Pessimism Removal (CPR):    -0.000ns
  Clock Uncertainty:      0.154ns  ((TSJ^2 + TIJ^2)^1/2 + DJ) / 2 + PE
    Total System Jitter     (TSJ):    0.071ns
    Total Input Jitter      (TIJ):    0.300ns
    Discrete Jitter          (DJ):    0.000ns
    Phase Error              (PE):    0.000ns
  Timing Exception:       False Path

    Location             Delay type                Incr(ns)  Path(ns)    Netlist Resource(s)
  -------------------------------------------------------------------    -------------------
                         (clock clk_fpga_0 rise edge)
                                                      0.000     0.000 r  
    PS7_X0Y0             PS7                          0.000     0.000 r  system_i/ps/inst/PS7_i/FCLKCLK[0]
                         net (fo=1, routed)           0.310     0.310    system_i/ps/inst/FCLK_CLK_unbuffered[0]
    BUFGCTRL_X0Y17       BUFG (Prop_bufg_I_O)         0.026     0.336 r  system_i/ps/inst/buffer_fclk_clk_0.FCLK_CLK_0_BUFG_replica/O
                         net (fo=2, routed)           0.030     0.366    system_i/ps/inst/FCLK_CLK0_repN
    BUFGCTRL_X0Y16       BUFG (Prop_bufg_I_O)         0.026     0.392 r  system_i/ps/inst/buffer_fclk_clk_0.FCLK_CLK_0_BUFG/O
                         net (fo=8230, routed)        0.654     1.046    system_i/reset/U0/slowest_sync_clk
    SLICE_X63Y118        FDRE                                         r  system_i/reset/U0/ACTIVE_LOW_BSR_OUT_DFF[0].FDRE_BSR_N/C
  -------------------------------------------------------------------    -------------------
    SLICE_X63Y118        FDRE (Prop_fdre_C_Q)         0.141     1.187 f  system_i/reset/U0/ACTIVE_LOW_BSR_OUT_DFF[0].FDRE_BSR_N/Q
                         net (fo=1, routed)           0.158     1.345    system_i/interconnect/inst/clk_map/psr_aclk/U0/EXT_LPF/ACTIVE_LOW_AUX.ACT_LO_AUX/aresetn
    SLICE_X63Y118        LUT1 (Prop_lut1_I0_O)        0.045     1.390 r  system_i/interconnect/inst/clk_map/psr_aclk/U0/EXT_LPF/ACTIVE_LOW_AUX.ACT_LO_AUX/GENERATE_LEVEL_P_S_CDC.SINGLE_BIT.CROSS_PLEVEL_IN2SCNDRY_IN_cdc_to_i_1/O
                         net (fo=1, routed)           0.175     1.565    system_i/interconnect/inst/clk_map/psr_aclk/U0/EXT_LPF/ACTIVE_LOW_AUX.ACT_LO_AUX/asr_d1
    SLICE_X64Y119        FDRE                                         r  system_i/interconnect/inst/clk_map/psr_aclk/U0/EXT_LPF/ACTIVE_LOW_AUX.ACT_LO_AUX/GENERATE_LEVEL_P_S_CDC.SINGLE_BIT.CROSS_PLEVEL_IN2SCNDRY_IN_cdc_to/D
  -------------------------------------------------------------------    -------------------

                         (clock clk_fpga_0 rise edge)
                                                      0.000     0.000 r  
    PS7_X0Y0             PS7                          0.000     0.000 r  system_i/ps/inst/PS7_i/FCLKCLK[0]
                         net (fo=1, routed)           0.337     0.337    system_i/ps/inst/FCLK_CLK_unbuffered[0]
    BUFGCTRL_X0Y17       BUFG (Prop_bufg_I_O)         0.029     0.366 r  system_i/ps/inst/buffer_fclk_clk_0.FCLK_CLK_0_BUFG_replica/O
                         net (fo=2, routed)           0.033     0.399    system_i/ps/inst/FCLK_CLK0_repN
    BUFGCTRL_X0Y16       BUFG (Prop_bufg_I_O)         0.029     0.428 r  system_i/ps/inst/buffer_fclk_clk_0.FCLK_CLK_0_BUFG/O
                         net (fo=8230, routed)        0.924     1.352    system_i/interconnect/inst/clk_map/psr_aclk/U0/EXT_LPF/ACTIVE_LOW_AUX.ACT_LO_AUX/aclk
    SLICE_X64Y119        FDRE                                         r  system_i/interconnect/inst/clk_map/psr_aclk/U0/EXT_LPF/ACTIVE_LOW_AUX.ACT_LO_AUX/GENERATE_LEVEL_P_S_CDC.SINGLE_BIT.CROSS_PLEVEL_IN2SCNDRY_IN_cdc_to/C





