Copyright 1986-2022 Xilinx, Inc. All Rights Reserved. Copyright 2022-2024 Advanced Micro Devices, Inc. All Rights Reserved.
-----------------------------------------------------------------------------------------------------------------------------------------------------------------------------
| Tool Version : Vivado v.2024.2 (lin64) Build 5239630 Fri Nov 08 22:34:34 MST 2024
| Date         : Mon Sep 14 13:42:47 2026
| Host         : dlgus0630-850XAC running 64-bit Ubuntu 24.04.4 LTS
| Command      : report_timing_summary -report_unconstrained -file /home/dlgus0630/Downloads/fpga_fourier_pid_v4/Project07_VibrationNPU/reports/fourier_postroute/timing.rpt
| Design       : system_wrapper
| Device       : 7z020-clg400
| Speed File   : -1  PRODUCTION 1.12 2019-11-22
| Design State : Routed
-----------------------------------------------------------------------------------------------------------------------------------------------------------------------------

Timing Summary Report

------------------------------------------------------------------------------------------------
| Timer Settings
| --------------
------------------------------------------------------------------------------------------------

  Enable Multi Corner Analysis               :  Yes
  Enable Pessimism Removal                   :  Yes
  Pessimism Removal Resolution               :  Nearest Common Node
  Enable Input Delay Default Clock           :  No
  Enable Preset / Clear Arcs                 :  No
  Disable Flight Delays                      :  No
  Ignore I/O Paths                           :  No
  Timing Early Launch at Borrowing Latches   :  No
  Borrow Time for Max Delay Exceptions       :  Yes
  Merge Timing Exceptions                    :  Yes
  Inter-SLR Compensation                     :  Conservative

  Corner  Analyze    Analyze    
  Name    Max Paths  Min Paths  
  ------  ---------  ---------  
  Slow    Yes        Yes        
  Fast    Yes        Yes        


------------------------------------------------------------------------------------------------
| Report Methodology
| ------------------
------------------------------------------------------------------------------------------------

Rule     Severity  Description                   Violations  
-------  --------  ----------------------------  ----------  
LUTAR-1  Warning   LUT drives async reset alert  1           

Note: This report is based on the most recent report_methodology run and may not be up-to-date. Run report_methodology on the current design for the latest report.



check_timing report

Table of Contents
-----------------
1. checking no_clock (0)
2. checking constant_clock (0)
3. checking pulse_width_clock (0)
4. checking unconstrained_internal_endpoints (0)
5. checking no_input_delay (6)
6. checking no_output_delay (7)
7. checking multiple_clock (0)
8. checking generated_clocks (0)
9. checking loops (0)
10. checking partial_input_delay (0)
11. checking partial_output_delay (0)
12. checking latch_loops (0)

1. checking no_clock (0)
------------------------
 There are 0 register/latch pins with no clock.


2. checking constant_clock (0)
------------------------------
 There are 0 register/latch pins with constant_clock.


3. checking pulse_width_clock (0)
---------------------------------
 There are 0 register/latch pins which need pulse_width check


4. checking unconstrained_internal_endpoints (0)
------------------------------------------------
 There are 0 pins that are not constrained for maximum delay.

 There are 0 pins that are not constrained for maximum delay due to constant clock.


5. checking no_input_delay (6)
------------------------------
 There are 0 input ports with no input delay specified.

 There are 6 input ports with no input delay but user has a false path constraint. (MEDIUM)


6. checking no_output_delay (7)
-------------------------------
 There are 0 ports with no output delay specified.

 There are 7 ports with no output delay but user has a false path constraint (MEDIUM)

 There are 0 ports with no output delay but with a timing clock defined on it or propagating through it


7. checking multiple_clock (0)
------------------------------
 There are 0 register/latch pins with multiple clocks.


8. checking generated_clocks (0)
--------------------------------
 There are 0 generated clocks that are not connected to a clock source.


9. checking loops (0)
---------------------
 There are 0 combinational loops in the design.


10. checking partial_input_delay (0)
------------------------------------
 There are 0 input ports with partial input delay specified.


11. checking partial_output_delay (0)
-------------------------------------
 There are 0 ports with partial output delay specified.


12. checking latch_loops (0)
----------------------------
 There are 0 combinational latch loops in the design through latch input



------------------------------------------------------------------------------------------------
| Design Timing Summary
| ---------------------
------------------------------------------------------------------------------------------------

    WNS(ns)      TNS(ns)  TNS Failing Endpoints  TNS Total Endpoints      WHS(ns)      THS(ns)  THS Failing Endpoints  THS Total Endpoints     WPWS(ns)     TPWS(ns)  TPWS Failing Endpoints  TPWS Total Endpoints  
    -------      -------  ---------------------  -------------------      -------      -------  ---------------------  -------------------     --------     --------  ----------------------  --------------------  
      0.039        0.000                      0                21550        0.013        0.000                      0                21550        3.750        0.000                       0                  8233  


All user specified timing constraints are met.


------------------------------------------------------------------------------------------------
| Clock Summary
| -------------
------------------------------------------------------------------------------------------------

Clock       Waveform(ns)       Period(ns)      Frequency(MHz)
-----       ------------       ----------      --------------
clk_fpga_0  {0.000 5.000}      10.000          100.000         


------------------------------------------------------------------------------------------------
| Intra Clock Table
| -----------------
------------------------------------------------------------------------------------------------

Clock             WNS(ns)      TNS(ns)  TNS Failing Endpoints  TNS Total Endpoints      WHS(ns)      THS(ns)  THS Failing Endpoints  THS Total Endpoints     WPWS(ns)     TPWS(ns)  TPWS Failing Endpoints  TPWS Total Endpoints  
-----             -------      -------  ---------------------  -------------------      -------      -------  ---------------------  -------------------     --------     --------  ----------------------  --------------------  
clk_fpga_0          0.039        0.000                      0                21548        0.013        0.000                      0                21548        3.750        0.000                       0                  8233  


------------------------------------------------------------------------------------------------
| Inter Clock Table
| -----------------
------------------------------------------------------------------------------------------------

From Clock    To Clock          WNS(ns)      TNS(ns)  TNS Failing Endpoints  TNS Total Endpoints      WHS(ns)      THS(ns)  THS Failing Endpoints  THS Total Endpoints  
----------    --------          -------      -------  ---------------------  -------------------      -------      -------  ---------------------  -------------------  


------------------------------------------------------------------------------------------------
| Other Path Groups Table
| -----------------------
------------------------------------------------------------------------------------------------

Path Group         From Clock         To Clock               WNS(ns)      TNS(ns)  TNS Failing Endpoints  TNS Total Endpoints      WHS(ns)      THS(ns)  THS Failing Endpoints  THS Total Endpoints  
----------         ----------         --------               -------      -------  ---------------------  -------------------      -------      -------  ---------------------  -------------------  
**async_default**  clk_fpga_0         clk_fpga_0               5.423        0.000                      0                    2        1.390        0.000                      0                    2  


------------------------------------------------------------------------------------------------
| User Ignored Path Table
| -----------------------
------------------------------------------------------------------------------------------------

Path Group    From Clock    To Clock    
----------    ----------    --------    
(none)                                    
(none)        clk_fpga_0                  
(none)                      clk_fpga_0    
(none)        clk_fpga_0    clk_fpga_0    


------------------------------------------------------------------------------------------------
| Unconstrained Path Table
| ------------------------
------------------------------------------------------------------------------------------------

Path Group    From Clock    To Clock    
----------    ----------    --------    


------------------------------------------------------------------------------------------------
| Timing Details
| --------------
------------------------------------------------------------------------------------------------


---------------------------------------------------------------------------------------------------
From Clock:  clk_fpga_0
  To Clock:  clk_fpga_0

Setup :            0  Failing Endpoints,  Worst Slack        0.039ns,  Total Violation        0.000ns
Hold  :            0  Failing Endpoints,  Worst Slack        0.013ns,  Total Violation        0.000ns
PW    :            0  Failing Endpoints,  Worst Slack        3.750ns,  Total Violation        0.000ns
---------------------------------------------------------------------------------------------------


Max Delay Paths
--------------------------------------------------------------------------------------
Slack (MET) :             0.039ns  (required time - arrival time)
  Source:                 system_i/accelerator/inst/core/fft/k_reg[3]/C
                            (rising edge-triggered cell FDRE clocked by clk_fpga_0  {rise@0.000ns fall@5.000ns period=10.000ns})
  Destination:            system_i/accelerator/inst/core/fft/sums_reg[1][27]/D
                            (rising edge-triggered cell FDRE clocked by clk_fpga_0  {rise@0.000ns fall@5.000ns period=10.000ns})
  Path Group:             clk_fpga_0
  Path Type:              Setup (Max at Slow Process Corner)
  Requirement:            10.000ns  (clk_fpga_0 rise@10.000ns - clk_fpga_0 rise@0.000ns)
  Data Path Delay:        9.532ns  (logic 3.725ns (39.078%)  route 5.807ns (60.922%))
  Logic Levels:           12  (CARRY4=7 LUT2=1 LUT3=1 LUT5=1 LUT6=1 MUXF8=1)
  Clock Path Skew:        -0.193ns (DCD - SCD + CPR)
    Destination Clock Delay (DCD):    2.940ns = ( 12.940 - 10.000 ) 
    Source Clock Delay      (SCD):    3.271ns
    Clock Pessimism Removal (CPR):    0.138ns
  Clock Uncertainty:      0.154ns  ((TSJ^2 + TIJ^2)^1/2 + DJ) / 2 + PE
    Total System Jitter     (TSJ):    0.071ns
    Total Input Jitter      (TIJ):    0.300ns
    Discrete Jitter          (DJ):    0.000ns
    Phase Error              (PE):    0.000ns

    Location             Delay type                Incr(ns)  Path(ns)    Netlist Resource(s)
  -------------------------------------------------------------------    -------------------
                         (clock clk_fpga_0 rise edge)
                                                      0.000     0.000 r  
    PS7_X0Y0             PS7                          0.000     0.000 r  system_i/ps/inst/PS7_i/FCLKCLK[0]
                         net (fo=1, routed)           1.193     1.193    system_i/ps/inst/FCLK_CLK_unbuffered[0]
    BUFGCTRL_X0Y17       BUFG (Prop_bufg_I_O)         0.101     1.294 r  system_i/ps/inst/buffer_fclk_clk_0.FCLK_CLK_0_BUFG_replica/O
                         net (fo=4, routed)           0.146     1.440    system_i/ps/inst/FCLK_CLK0_repN
    BUFGCTRL_X0Y16       BUFG (Prop_bufg_I_O)         0.101     1.541 r  system_i/ps/inst/buffer_fclk_clk_0.FCLK_CLK_0_BUFG/O
                         net (fo=8231, routed)        1.730     3.271    system_i/accelerator/inst/core/fft/aclk
    SLICE_X61Y41         FDRE                                         r  system_i/accelerator/inst/core/fft/k_reg[3]/C
  -------------------------------------------------------------------    -------------------
    SLICE_X61Y41         FDRE (Prop_fdre_C_Q)         0.456     3.727 r  system_i/accelerator/inst/core/fft/k_reg[3]/Q
                         net (fo=139, routed)         1.665     5.392    system_i/accelerator/inst/core/fft/k_reg_n_0_[3]
    SLICE_X39Y39         MUXF8 (Prop_muxf8_S_O)       0.273     5.665 f  system_i/accelerator/inst/core/fft/sums_reg[3][3]_i_47/O
                         net (fo=1, routed)           0.927     6.592    system_i/accelerator/inst/core/fft/sums_reg[3][3]_i_47_n_0
    SLICE_X51Y43         LUT6 (Prop_lut6_I3_O)        0.316     6.908 r  system_i/accelerator/inst/core/fft/sums[3][3]_i_23/O
                         net (fo=2, routed)           0.000     6.908    system_i/accelerator/inst/core/fft/sums[3][7]_i_85_n_0
    SLICE_X51Y43         CARRY4 (Prop_carry4_S[1]_O[3])
                                                      0.640     7.548 r  system_i/accelerator/inst/core/fft/sums_reg[3][7]_i_43/O[3]
                         net (fo=1, routed)           0.554     8.103    system_i/accelerator/inst/core/fft/sums_reg[3][7]_i_43_n_4
    SLICE_X52Y43         LUT3 (Prop_lut3_I0_O)        0.306     8.409 r  system_i/accelerator/inst/core/fft/sums[3][7]_i_19/O
                         net (fo=2, routed)           0.691     9.100    system_i/accelerator/inst/core/fft/p_1_in[4]
    SLICE_X55Y44         LUT5 (Prop_lut5_I3_O)        0.124     9.224 r  system_i/accelerator/inst/core/fft/sums[3][7]_i_5/O
                         net (fo=2, routed)           0.659     9.882    system_i/accelerator/inst/core/fft/sums[3][7]_i_5_n_0
    SLICE_X54Y45         CARRY4 (Prop_carry4_DI[1]_CO[3])
                                                      0.520    10.402 r  system_i/accelerator/inst/core/fft/sums_reg[3][7]_i_2/CO[3]
                         net (fo=1, routed)           0.000    10.402    system_i/accelerator/inst/core/fft/sums_reg[3][7]_i_2_n_0
    SLICE_X54Y46         CARRY4 (Prop_carry4_CI_CO[3])
                                                      0.117    10.519 r  system_i/accelerator/inst/core/fft/sums_reg[3][11]_i_2/CO[3]
                         net (fo=1, routed)           0.000    10.519    system_i/accelerator/inst/core/fft/sums_reg[3][11]_i_2_n_0
    SLICE_X54Y47         CARRY4 (Prop_carry4_CI_CO[3])
                                                      0.117    10.636 r  system_i/accelerator/inst/core/fft/sums_reg[3][15]_i_2/CO[3]
                         net (fo=1, routed)           0.000    10.636    system_i/accelerator/inst/core/fft/sums_reg[3][15]_i_2_n_0
    SLICE_X54Y48         CARRY4 (Prop_carry4_CI_CO[3])
                                                      0.117    10.753 r  system_i/accelerator/inst/core/fft/sums_reg[3][19]_i_2/CO[3]
                         net (fo=1, routed)           0.000    10.753    system_i/accelerator/inst/core/fft/sums_reg[3][19]_i_2_n_0
    SLICE_X54Y49         CARRY4 (Prop_carry4_CI_CO[3])
                                                      0.117    10.870 r  system_i/accelerator/inst/core/fft/sums_reg[3][23]_i_2/CO[3]
                         net (fo=1, routed)           0.001    10.871    system_i/accelerator/inst/core/fft/sums_reg[3][23]_i_2_n_0
    SLICE_X54Y50         CARRY4 (Prop_carry4_CI_O[3])
                                                      0.315    11.186 r  system_i/accelerator/inst/core/fft/sums_reg[3][27]_i_2/O[3]
                         net (fo=1, routed)           0.688    11.874    system_i/accelerator/inst/core/fft/sums_reg[3][27]_i_2_n_4
    SLICE_X55Y52         LUT2 (Prop_lut2_I1_O)        0.307    12.181 r  system_i/accelerator/inst/core/fft/sums[3][27]_i_1/O
                         net (fo=4, routed)           0.623    12.803    system_i/accelerator/inst/core/fft/sums[3][27]_i_1_n_0
    SLICE_X55Y52         FDRE                                         r  system_i/accelerator/inst/core/fft/sums_reg[1][27]/D
  -------------------------------------------------------------------    -------------------

                         (clock clk_fpga_0 rise edge)
                                                     10.000    10.000 r  
    PS7_X0Y0             PS7                          0.000    10.000 r  system_i/ps/inst/PS7_i/FCLKCLK[0]
                         net (fo=1, routed)           1.088    11.088    system_i/ps/inst/FCLK_CLK_unbuffered[0]
    BUFGCTRL_X0Y17       BUFG (Prop_bufg_I_O)         0.091    11.179 r  system_i/ps/inst/buffer_fclk_clk_0.FCLK_CLK_0_BUFG_replica/O
                         net (fo=4, routed)           0.133    11.312    system_i/ps/inst/FCLK_CLK0_repN
    BUFGCTRL_X0Y16       BUFG (Prop_bufg_I_O)         0.091    11.403 r  system_i/ps/inst/buffer_fclk_clk_0.FCLK_CLK_0_BUFG/O
                         net (fo=8231, routed)        1.537    12.940    system_i/accelerator/inst/core/fft/aclk
    SLICE_X55Y52         FDRE                                         r  system_i/accelerator/inst/core/fft/sums_reg[1][27]/C
                         clock pessimism              0.138    13.078    
                         clock uncertainty           -0.154    12.924    
    SLICE_X55Y52         FDRE (Setup_fdre_C_D)       -0.081    12.843    system_i/accelerator/inst/core/fft/sums_reg[1][27]
  -------------------------------------------------------------------
                         required time                         12.843    
                         arrival time                         -12.803    
  -------------------------------------------------------------------
                         slack                                  0.039    





Min Delay Paths
--------------------------------------------------------------------------------------
Slack (MET) :             0.013ns  (arrival time - required time)
  Source:                 <hidden>
                            (rising edge-triggered cell FDRE clocked by clk_fpga_0  {rise@0.000ns fall@5.000ns period=10.000ns})
  Destination:            system_i/ram_controller/U0/gext_inst.abcv4_0_ext_inst/GEN_AXI4.I_FULL_AXI/I_WR_CHNL/GEN_WRDATA[31].bram_wrdata_int_reg[31]/D
                            (rising edge-triggered cell FDRE clocked by clk_fpga_0  {rise@0.000ns fall@5.000ns period=10.000ns})
  Path Group:             clk_fpga_0
  Path Type:              Hold (Min at Fast Process Corner)
  Requirement:            0.000ns  (clk_fpga_0 rise@0.000ns - clk_fpga_0 rise@0.000ns)
  Data Path Delay:        0.348ns  (logic 0.141ns (40.544%)  route 0.207ns (59.456%))
  Logic Levels:           0  
  Clock Path Skew:        0.259ns (DCD - SCD - CPR)
    Destination Clock Delay (DCD):    1.248ns
    Source Clock Delay      (SCD):    0.948ns
    Clock Pessimism Removal (CPR):    0.041ns

    Location             Delay type                Incr(ns)  Path(ns)    Netlist Resource(s)
  -------------------------------------------------------------------    -------------------
                         (clock clk_fpga_0 rise edge)
                                                      0.000     0.000 r  
    PS7_X0Y0             PS7                          0.000     0.000 r  system_i/ps/inst/PS7_i/FCLKCLK[0]
                         net (fo=1, routed)           0.310     0.310    system_i/ps/inst/FCLK_CLK_unbuffered[0]
    BUFGCTRL_X0Y17       BUFG (Prop_bufg_I_O)         0.026     0.336 r  system_i/ps/inst/buffer_fclk_clk_0.FCLK_CLK_0_BUFG_replica/O
                         net (fo=4, routed)           0.030     0.366    system_i/ps/inst/FCLK_CLK0_repN
    BUFGCTRL_X0Y16       BUFG (Prop_bufg_I_O)         0.026     0.392 r  system_i/ps/inst/buffer_fclk_clk_0.FCLK_CLK_0_BUFG/O
                         net (fo=8231, routed)        0.556     0.948    <hidden>
    SLICE_X49Y98         FDRE                                         r  <hidden>
  -------------------------------------------------------------------    -------------------
    SLICE_X49Y98         FDRE (Prop_fdre_C_Q)         0.141     1.089 r  <hidden>
                         net (fo=1, routed)           0.207     1.295    system_i/ram_controller/U0/gext_inst.abcv4_0_ext_inst/GEN_AXI4.I_FULL_AXI/I_WR_CHNL/s_axi_wdata[31]
    SLICE_X51Y96         FDRE                                         r  system_i/ram_controller/U0/gext_inst.abcv4_0_ext_inst/GEN_AXI4.I_FULL_AXI/I_WR_CHNL/GEN_WRDATA[31].bram_wrdata_int_reg[31]/D
  -------------------------------------------------------------------    -------------------

                         (clock clk_fpga_0 rise edge)
                                                      0.000     0.000 r  
    PS7_X0Y0             PS7                          0.000     0.000 r  system_i/ps/inst/PS7_i/FCLKCLK[0]
                         net (fo=1, routed)           0.337     0.337    system_i/ps/inst/FCLK_CLK_unbuffered[0]
    BUFGCTRL_X0Y17       BUFG (Prop_bufg_I_O)         0.029     0.366 r  system_i/ps/inst/buffer_fclk_clk_0.FCLK_CLK_0_BUFG_replica/O
                         net (fo=4, routed)           0.033     0.399    system_i/ps/inst/FCLK_CLK0_repN
    BUFGCTRL_X0Y16       BUFG (Prop_bufg_I_O)         0.029     0.428 r  system_i/ps/inst/buffer_fclk_clk_0.FCLK_CLK_0_BUFG/O
                         net (fo=8231, routed)        0.820     1.248    system_i/ram_controller/U0/gext_inst.abcv4_0_ext_inst/GEN_AXI4.I_FULL_AXI/I_WR_CHNL/s_axi_aclk
    SLICE_X51Y96         FDRE                                         r  system_i/ram_controller/U0/gext_inst.abcv4_0_ext_inst/GEN_AXI4.I_FULL_AXI/I_WR_CHNL/GEN_WRDATA[31].bram_wrdata_int_reg[31]/C
                         clock pessimism             -0.041     1.207    
    SLICE_X51Y96         FDRE (Hold_fdre_C_D)         0.075     1.282    system_i/ram_controller/U0/gext_inst.abcv4_0_ext_inst/GEN_AXI4.I_FULL_AXI/I_WR_CHNL/GEN_WRDATA[31].bram_wrdata_int_reg[31]
  -------------------------------------------------------------------
                         required time                         -1.282    
                         arrival time                           1.295    
  -------------------------------------------------------------------
                         slack                                  0.013    





Pulse Width Checks
--------------------------------------------------------------------------------------
Clock Name:         clk_fpga_0
Waveform(ns):       { 0.000 5.000 }
Period(ns):         10.000
Sources:            { system_i/ps/inst/PS7_i/FCLKCLK[0] }

Check Type        Corner  Lib Pin      Reference Pin  Required(ns)  Actual(ns)  Slack(ns)  Location      Pin
Min Period        n/a     DSP48E1/CLK  n/a            3.884         10.000      6.116      DSP48_X3Y10   system_i/accelerator/inst/core/fft/imag_product/CLK
Low Pulse Width   Slow    RAMD32/CLK   n/a            1.250         5.000       3.750      SLICE_X54Y94  <hidden>
High Pulse Width  Slow    RAMD32/CLK   n/a            1.250         5.000       3.750      SLICE_X54Y94  <hidden>



---------------------------------------------------------------------------------------------------
Path Group:  **async_default**
From Clock:  clk_fpga_0
  To Clock:  clk_fpga_0

Setup :            0  Failing Endpoints,  Worst Slack        5.423ns,  Total Violation        0.000ns
Hold  :            0  Failing Endpoints,  Worst Slack        1.390ns,  Total Violation        0.000ns
---------------------------------------------------------------------------------------------------


Max Delay Paths
--------------------------------------------------------------------------------------
Slack (MET) :             5.423ns  (required time - arrival time)
  Source:                 system_i/reset/U0/ACTIVE_LOW_PR_OUT_DFF[0].FDRE_PER_N/C
                            (rising edge-triggered cell FDRE clocked by clk_fpga_0  {rise@0.000ns fall@5.000ns period=10.000ns})
  Destination:            system_i/motor/inst/resetter/reset_pipe_reg[0]/PRE
                            (recovery check against rising-edge clock clk_fpga_0  {rise@0.000ns fall@5.000ns period=10.000ns})
  Path Group:             **async_default**
  Path Type:              Recovery (Max at Slow Process Corner)
  Requirement:            10.000ns  (clk_fpga_0 rise@10.000ns - clk_fpga_0 rise@0.000ns)
  Data Path Delay:        3.783ns  (logic 0.580ns (15.330%)  route 3.203ns (84.670%))
  Logic Levels:           1  (LUT2=1)
  Clock Path Skew:        -0.280ns (DCD - SCD + CPR)
    Destination Clock Delay (DCD):    3.008ns = ( 13.008 - 10.000 ) 
    Source Clock Delay      (SCD):    3.440ns
    Clock Pessimism Removal (CPR):    0.152ns
  Clock Uncertainty:      0.154ns  ((TSJ^2 + TIJ^2)^1/2 + DJ) / 2 + PE
    Total System Jitter     (TSJ):    0.071ns
    Total Input Jitter      (TIJ):    0.300ns
    Discrete Jitter          (DJ):    0.000ns
    Phase Error              (PE):    0.000ns

    Location             Delay type                Incr(ns)  Path(ns)    Netlist Resource(s)
  -------------------------------------------------------------------    -------------------
                         (clock clk_fpga_0 rise edge)
                                                      0.000     0.000 r  
    PS7_X0Y0             PS7                          0.000     0.000 r  system_i/ps/inst/PS7_i/FCLKCLK[0]
                         net (fo=1, routed)           1.193     1.193    system_i/ps/inst/FCLK_CLK_unbuffered[0]
    BUFGCTRL_X0Y17       BUFG (Prop_bufg_I_O)         0.101     1.294 r  system_i/ps/inst/buffer_fclk_clk_0.FCLK_CLK_0_BUFG_replica/O
                         net (fo=4, routed)           0.146     1.440    system_i/ps/inst/FCLK_CLK0_repN
    BUFGCTRL_X0Y16       BUFG (Prop_bufg_I_O)         0.101     1.541 r  system_i/ps/inst/buffer_fclk_clk_0.FCLK_CLK_0_BUFG/O
                         net (fo=8231, routed)        1.899     3.440    system_i/reset/U0/slowest_sync_clk
    SLICE_X64Y116        FDRE                                         r  system_i/reset/U0/ACTIVE_LOW_PR_OUT_DFF[0].FDRE_PER_N/C
  -------------------------------------------------------------------    -------------------
    SLICE_X64Y116        FDRE (Prop_fdre_C_Q)         0.456     3.896 r  system_i/reset/U0/ACTIVE_LOW_PR_OUT_DFF[0].FDRE_PER_N/Q
                         net (fo=50, routed)          2.572     6.468    system_i/motor/inst/resetter/reset_n
    SLICE_X93Y91         LUT2 (Prop_lut2_I1_O)        0.124     6.592 f  system_i/motor/inst/resetter/reset_pipe[1]_i_1/O
                         net (fo=2, routed)           0.631     7.223    system_i/motor/inst/resetter/async_reset0
    SLICE_X93Y91         FDPE                                         f  system_i/motor/inst/resetter/reset_pipe_reg[0]/PRE
  -------------------------------------------------------------------    -------------------

                         (clock clk_fpga_0 rise edge)
                                                     10.000    10.000 r  
    PS7_X0Y0             PS7                          0.000    10.000 r  system_i/ps/inst/PS7_i/FCLKCLK[0]
                         net (fo=1, routed)           1.088    11.088    system_i/ps/inst/FCLK_CLK_unbuffered[0]
    BUFGCTRL_X0Y17       BUFG (Prop_bufg_I_O)         0.091    11.179 r  system_i/ps/inst/buffer_fclk_clk_0.FCLK_CLK_0_BUFG_replica/O
                         net (fo=4, routed)           0.133    11.312    system_i/ps/inst/FCLK_CLK0_repN
    BUFGCTRL_X0Y16       BUFG (Prop_bufg_I_O)         0.091    11.403 r  system_i/ps/inst/buffer_fclk_clk_0.FCLK_CLK_0_BUFG/O
                         net (fo=8231, routed)        1.605    13.008    system_i/motor/inst/resetter/clk
    SLICE_X93Y91         FDPE                                         r  system_i/motor/inst/resetter/reset_pipe_reg[0]/C
                         clock pessimism              0.152    13.160    
                         clock uncertainty           -0.154    13.006    
    SLICE_X93Y91         FDPE (Recov_fdpe_C_PRE)     -0.359    12.647    system_i/motor/inst/resetter/reset_pipe_reg[0]
  -------------------------------------------------------------------
                         required time                         12.647    
                         arrival time                          -7.223    
  -------------------------------------------------------------------
                         slack                                  5.423    





Min Delay Paths
--------------------------------------------------------------------------------------
Slack (MET) :             1.390ns  (arrival time - required time)
  Source:                 system_i/reset/U0/ACTIVE_LOW_PR_OUT_DFF[0].FDRE_PER_N/C
                            (rising edge-triggered cell FDRE clocked by clk_fpga_0  {rise@0.000ns fall@5.000ns period=10.000ns})
  Destination:            system_i/motor/inst/resetter/reset_pipe_reg[0]/PRE
                            (removal check against rising-edge clock clk_fpga_0  {rise@0.000ns fall@5.000ns period=10.000ns})
  Path Group:             **async_default**
  Path Type:              Removal (Min at Fast Process Corner)
  Requirement:            0.000ns  (clk_fpga_0 rise@0.000ns - clk_fpga_0 rise@0.000ns)
  Data Path Delay:        1.509ns  (logic 0.186ns (12.323%)  route 1.323ns (87.677%))
  Logic Levels:           1  (LUT2=1)
  Clock Path Skew:        0.214ns (DCD - SCD - CPR)
    Destination Clock Delay (DCD):    1.303ns
    Source Clock Delay      (SCD):    1.048ns
    Clock Pessimism Removal (CPR):    0.041ns

    Location             Delay type                Incr(ns)  Path(ns)    Netlist Resource(s)
  -------------------------------------------------------------------    -------------------
                         (clock clk_fpga_0 rise edge)
                                                      0.000     0.000 r  
    PS7_X0Y0             PS7                          0.000     0.000 r  system_i/ps/inst/PS7_i/FCLKCLK[0]
                         net (fo=1, routed)           0.310     0.310    system_i/ps/inst/FCLK_CLK_unbuffered[0]
    BUFGCTRL_X0Y17       BUFG (Prop_bufg_I_O)         0.026     0.336 r  system_i/ps/inst/buffer_fclk_clk_0.FCLK_CLK_0_BUFG_replica/O
                         net (fo=4, routed)           0.030     0.366    system_i/ps/inst/FCLK_CLK0_repN
    BUFGCTRL_X0Y16       BUFG (Prop_bufg_I_O)         0.026     0.392 r  system_i/ps/inst/buffer_fclk_clk_0.FCLK_CLK_0_BUFG/O
                         net (fo=8231, routed)        0.656     1.048    system_i/reset/U0/slowest_sync_clk
    SLICE_X64Y116        FDRE                                         r  system_i/reset/U0/ACTIVE_LOW_PR_OUT_DFF[0].FDRE_PER_N/C
  -------------------------------------------------------------------    -------------------
    SLICE_X64Y116        FDRE (Prop_fdre_C_Q)         0.141     1.189 r  system_i/reset/U0/ACTIVE_LOW_PR_OUT_DFF[0].FDRE_PER_N/Q
                         net (fo=50, routed)          1.096     2.285    system_i/motor/inst/resetter/reset_n
    SLICE_X93Y91         LUT2 (Prop_lut2_I1_O)        0.045     2.330 f  system_i/motor/inst/resetter/reset_pipe[1]_i_1/O
                         net (fo=2, routed)           0.227     2.557    system_i/motor/inst/resetter/async_reset0
    SLICE_X93Y91         FDPE                                         f  system_i/motor/inst/resetter/reset_pipe_reg[0]/PRE
  -------------------------------------------------------------------    -------------------

                         (clock clk_fpga_0 rise edge)
                                                      0.000     0.000 r  
    PS7_X0Y0             PS7                          0.000     0.000 r  system_i/ps/inst/PS7_i/FCLKCLK[0]
                         net (fo=1, routed)           0.337     0.337    system_i/ps/inst/FCLK_CLK_unbuffered[0]
    BUFGCTRL_X0Y17       BUFG (Prop_bufg_I_O)         0.029     0.366 r  system_i/ps/inst/buffer_fclk_clk_0.FCLK_CLK_0_BUFG_replica/O
                         net (fo=4, routed)           0.033     0.399    system_i/ps/inst/FCLK_CLK0_repN
    BUFGCTRL_X0Y16       BUFG (Prop_bufg_I_O)         0.029     0.428 r  system_i/ps/inst/buffer_fclk_clk_0.FCLK_CLK_0_BUFG/O
                         net (fo=8231, routed)        0.875     1.303    system_i/motor/inst/resetter/clk
    SLICE_X93Y91         FDPE                                         r  system_i/motor/inst/resetter/reset_pipe_reg[0]/C
                         clock pessimism             -0.041     1.262    
    SLICE_X93Y91         FDPE (Remov_fdpe_C_PRE)     -0.095     1.167    system_i/motor/inst/resetter/reset_pipe_reg[0]
  -------------------------------------------------------------------
                         required time                         -1.167    
                         arrival time                           2.557    
  -------------------------------------------------------------------
                         slack                                  1.390    





--------------------------------------------------------------------------------------
Path Group:  (none)
From Clock:  
  To Clock:  

Max Delay             3 Endpoints
Min Delay             3 Endpoints
--------------------------------------------------------------------------------------


Max Delay Paths
--------------------------------------------------------------------------------------
Slack:                    inf
  Source:                 motor_stop
                            (input port)
  Destination:            motor_armed
                            (output port)
  Path Group:             (none)
  Path Type:              Max at Slow Process Corner
  Data Path Delay:        11.332ns  (logic 5.194ns (45.835%)  route 6.138ns (54.165%))
  Logic Levels:           3  (IBUF=1 LUT5=1 OBUF=1)
  Timing Exception:       False Path

    Location             Delay type                Incr(ns)  Path(ns)    Netlist Resource(s)
  -------------------------------------------------------------------    -------------------
    K18                                               0.000     0.000 f  motor_stop (IN)
                         net (fo=0)                   0.000     0.000    motor_stop
    K18                  IBUF (Prop_ibuf_I_O)         1.489     1.489 f  motor_stop_IBUF_inst/O
                         net (fo=5, routed)           2.888     4.377    system_i/motor/inst/fault_unit/stop_button
    SLICE_X94Y91         LUT5 (Prop_lut5_I1_O)        0.124     4.501 r  system_i/motor/inst/fault_unit/motor_armed_INST_0/O
                         net (fo=4, routed)           3.250     7.751    motor_armed_OBUF
    M14                  OBUF (Prop_obuf_I_O)         3.581    11.332 r  motor_armed_OBUF_inst/O
                         net (fo=0)                   0.000    11.332    motor_armed
    M14                                                               r  motor_armed (OUT)
  -------------------------------------------------------------------    -------------------





Min Delay Paths
--------------------------------------------------------------------------------------
Slack:                    inf
  Source:                 motor_stop
                            (input port)
  Destination:            motor_pwm
                            (output port)
  Path Group:             (none)
  Path Type:              Min at Fast Process Corner
  Data Path Delay:        3.259ns  (logic 1.585ns (48.653%)  route 1.673ns (51.347%))
  Logic Levels:           3  (IBUF=1 LUT6=1 OBUF=1)
  Timing Exception:       False Path

    Location             Delay type                Incr(ns)  Path(ns)    Netlist Resource(s)
  -------------------------------------------------------------------    -------------------
    K18                                               0.000     0.000 f  motor_stop (IN)
                         net (fo=0)                   0.000     0.000    motor_stop
    K18                  IBUF (Prop_ibuf_I_O)         0.257     0.257 f  motor_stop_IBUF_inst/O
                         net (fo=5, routed)           1.059     1.316    system_i/motor/inst/pwm_unit/stop_button
    SLICE_X94Y91         LUT6 (Prop_lut6_I4_O)        0.045     1.361 r  system_i/motor/inst/pwm_unit/motor_pwm_INST_0/O
                         net (fo=1, routed)           0.614     1.975    motor_pwm_OBUF
    T14                  OBUF (Prop_obuf_I_O)         1.284     3.259 r  motor_pwm_OBUF_inst/O
                         net (fo=0)                   0.000     3.259    motor_pwm
    T14                                                               r  motor_pwm (OUT)
  -------------------------------------------------------------------    -------------------





--------------------------------------------------------------------------------------
Path Group:  (none)
From Clock:  clk_fpga_0
  To Clock:  

Max Delay             7 Endpoints
Min Delay             7 Endpoints
--------------------------------------------------------------------------------------


Max Delay Paths
--------------------------------------------------------------------------------------
Slack:                    inf
  Source:                 system_i/reset/U0/ACTIVE_LOW_PR_OUT_DFF[0].FDRE_PER_N/C
                            (rising edge-triggered cell FDRE clocked by clk_fpga_0  {rise@0.000ns fall@5.000ns period=10.000ns})
  Destination:            motor_armed
                            (output port)
  Path Group:             (none)
  Path Type:              Max at Slow Process Corner
  Data Path Delay:        10.134ns  (logic 4.161ns (41.061%)  route 5.973ns (58.939%))
  Logic Levels:           2  (LUT5=1 OBUF=1)
  Clock Uncertainty:      0.152ns  ((TSJ^2 + TIJ^2)^1/2 + DJ) / 2 + PE
    Total System Jitter     (TSJ):    0.050ns
    Total Input Jitter      (TIJ):    0.300ns
    Discrete Jitter          (DJ):    0.000ns
    Phase Error              (PE):    0.000ns
  Timing Exception:       False Path

    Location             Delay type                Incr(ns)  Path(ns)    Netlist Resource(s)
  -------------------------------------------------------------------    -------------------
                         (clock clk_fpga_0 rise edge)
                                                      0.000     0.000 r  
    PS7_X0Y0             PS7                          0.000     0.000 r  system_i/ps/inst/PS7_i/FCLKCLK[0]
                         net (fo=1, routed)           1.193     1.193    system_i/ps/inst/FCLK_CLK_unbuffered[0]
    BUFGCTRL_X0Y17       BUFG (Prop_bufg_I_O)         0.101     1.294 r  system_i/ps/inst/buffer_fclk_clk_0.FCLK_CLK_0_BUFG_replica/O
                         net (fo=4, routed)           0.146     1.440    system_i/ps/inst/FCLK_CLK0_repN
    BUFGCTRL_X0Y16       BUFG (Prop_bufg_I_O)         0.101     1.541 r  system_i/ps/inst/buffer_fclk_clk_0.FCLK_CLK_0_BUFG/O
                         net (fo=8231, routed)        1.899     3.440    system_i/reset/U0/slowest_sync_clk
    SLICE_X64Y116        FDRE                                         r  system_i/reset/U0/ACTIVE_LOW_PR_OUT_DFF[0].FDRE_PER_N/C
  -------------------------------------------------------------------    -------------------
    SLICE_X64Y116        FDRE (Prop_fdre_C_Q)         0.456     3.896 r  system_i/reset/U0/ACTIVE_LOW_PR_OUT_DFF[0].FDRE_PER_N/Q
                         net (fo=50, routed)          2.723     6.619    system_i/motor/inst/fault_unit/reset_n
    SLICE_X94Y91         LUT5 (Prop_lut5_I0_O)        0.124     6.743 r  system_i/motor/inst/fault_unit/motor_armed_INST_0/O
                         net (fo=4, routed)           3.250     9.993    motor_armed_OBUF
    M14                  OBUF (Prop_obuf_I_O)         3.581    13.574 r  motor_armed_OBUF_inst/O
                         net (fo=0)                   0.000    13.574    motor_armed
    M14                                                               r  motor_armed (OUT)
  -------------------------------------------------------------------    -------------------





Min Delay Paths
--------------------------------------------------------------------------------------
Slack:                    inf
  Source:                 system_i/accelerator/inst/spi/cs_n_reg/C
                            (rising edge-triggered cell FDSE clocked by clk_fpga_0  {rise@0.000ns fall@5.000ns period=10.000ns})
  Destination:            mpu_cs_n
                            (output port)
  Path Group:             (none)
  Path Type:              Min at Fast Process Corner
  Data Path Delay:        2.407ns  (logic 1.420ns (58.985%)  route 0.987ns (41.015%))
  Logic Levels:           1  (OBUF=1)
  Clock Uncertainty:      0.152ns  ((TSJ^2 + TIJ^2)^1/2 + DJ) / 2 + PE
    Total System Jitter     (TSJ):    0.050ns
    Total Input Jitter      (TIJ):    0.300ns
    Discrete Jitter          (DJ):    0.000ns
    Phase Error              (PE):    0.000ns
  Timing Exception:       False Path

    Location             Delay type                Incr(ns)  Path(ns)    Netlist Resource(s)
  -------------------------------------------------------------------    -------------------
                         (clock clk_fpga_0 rise edge)
                                                      0.000     0.000 r  
    PS7_X0Y0             PS7                          0.000     0.000 r  system_i/ps/inst/PS7_i/FCLKCLK[0]
                         net (fo=1, routed)           0.310     0.310    system_i/ps/inst/FCLK_CLK_unbuffered[0]
    BUFGCTRL_X0Y17       BUFG (Prop_bufg_I_O)         0.026     0.336 r  system_i/ps/inst/buffer_fclk_clk_0.FCLK_CLK_0_BUFG_replica/O
                         net (fo=4, routed)           0.030     0.366    system_i/ps/inst/FCLK_CLK0_repN
    BUFGCTRL_X0Y16       BUFG (Prop_bufg_I_O)         0.026     0.392 r  system_i/ps/inst/buffer_fclk_clk_0.FCLK_CLK_0_BUFG/O
                         net (fo=8231, routed)        0.661     1.053    system_i/accelerator/inst/spi/aclk
    SLICE_X66Y104        FDSE                                         r  system_i/accelerator/inst/spi/cs_n_reg/C
  -------------------------------------------------------------------    -------------------
    SLICE_X66Y104        FDSE (Prop_fdse_C_Q)         0.164     1.217 r  system_i/accelerator/inst/spi/cs_n_reg/Q
                         net (fo=2, routed)           0.987     2.204    mpu_cs_n_OBUF
    H15                  OBUF (Prop_obuf_I_O)         1.256     3.460 r  mpu_cs_n_OBUF_inst/O
                         net (fo=0)                   0.000     3.460    mpu_cs_n
    H15                                                               r  mpu_cs_n (OUT)
  -------------------------------------------------------------------    -------------------





--------------------------------------------------------------------------------------
Path Group:  (none)
From Clock:  
  To Clock:  clk_fpga_0

Max Delay            44 Endpoints
Min Delay            44 Endpoints
--------------------------------------------------------------------------------------


Max Delay Paths
--------------------------------------------------------------------------------------
Slack:                    inf
  Source:                 motor_stop
                            (input port)
  Destination:            system_i/motor/inst/fault_count_reg[0]/R
                            (rising edge-triggered cell FDRE clocked by clk_fpga_0  {rise@0.000ns fall@5.000ns period=10.000ns})
  Path Group:             (none)
  Path Type:              Setup (Max at Slow Process Corner)
  Data Path Delay:        6.555ns  (logic 1.737ns (26.498%)  route 4.818ns (73.502%))
  Logic Levels:           3  (IBUF=1 LUT3=1 LUT5=1)
  Clock Path Skew:        3.003ns (DCD - SCD + CPR)
    Destination Clock Delay (DCD):    3.003ns
    Source Clock Delay      (SCD):    0.000ns
    Clock Pessimism Removal (CPR):    0.000ns
  Clock Uncertainty:      0.152ns  ((TSJ^2 + TIJ^2)^1/2 + DJ) / 2 + PE
    Total System Jitter     (TSJ):    0.050ns
    Total Input Jitter      (TIJ):    0.300ns
    Discrete Jitter          (DJ):    0.000ns
    Phase Error              (PE):    0.000ns
  Timing Exception:       False Path

    Location             Delay type                Incr(ns)  Path(ns)    Netlist Resource(s)
  -------------------------------------------------------------------    -------------------
    K18                                               0.000     0.000 r  motor_stop (IN)
                         net (fo=0)                   0.000     0.000    motor_stop
    K18                  IBUF (Prop_ibuf_I_O)         1.489     1.489 r  motor_stop_IBUF_inst/O
                         net (fo=5, routed)           2.888     4.377    system_i/motor/inst/fault_unit/stop_button
    SLICE_X94Y91         LUT5 (Prop_lut5_I1_O)        0.124     4.501 f  system_i/motor/inst/fault_unit/motor_armed_INST_0/O
                         net (fo=4, routed)           0.958     5.459    system_i/motor/inst/fault_unit/motor_in1
    SLICE_X94Y88         LUT3 (Prop_lut3_I0_O)        0.124     5.583 r  system_i/motor/inst/fault_unit/fault_count[0]_i_1/O
                         net (fo=21, routed)          0.972     6.555    system_i/motor/inst/fault_unit_n_1
    SLICE_X91Y86         FDRE                                         r  system_i/motor/inst/fault_count_reg[0]/R
  -------------------------------------------------------------------    -------------------

                         (clock clk_fpga_0 rise edge)
                                                      0.000     0.000 r  
    PS7_X0Y0             PS7                          0.000     0.000 r  system_i/ps/inst/PS7_i/FCLKCLK[0]
                         net (fo=1, routed)           1.088     1.088    system_i/ps/inst/FCLK_CLK_unbuffered[0]
    BUFGCTRL_X0Y17       BUFG (Prop_bufg_I_O)         0.091     1.179 r  system_i/ps/inst/buffer_fclk_clk_0.FCLK_CLK_0_BUFG_replica/O
                         net (fo=4, routed)           0.133     1.312    system_i/ps/inst/FCLK_CLK0_repN
    BUFGCTRL_X0Y16       BUFG (Prop_bufg_I_O)         0.091     1.403 r  system_i/ps/inst/buffer_fclk_clk_0.FCLK_CLK_0_BUFG/O
                         net (fo=8231, routed)        1.600     3.003    system_i/motor/inst/clk
    SLICE_X91Y86         FDRE                                         r  system_i/motor/inst/fault_count_reg[0]/C





Min Delay Paths
--------------------------------------------------------------------------------------
Slack:                    inf
  Source:                 motor_sw[2]
                            (input port)
  Destination:            system_i/motor/inst/sw_meta_reg[2]/D
                            (rising edge-triggered cell FDRE clocked by clk_fpga_0  {rise@0.000ns fall@5.000ns period=10.000ns})
  Path Group:             (none)
  Path Type:              Hold (Min at Fast Process Corner)
  Data Path Delay:        0.967ns  (logic 0.299ns (30.901%)  route 0.668ns (69.099%))
  Logic Levels:           1  (IBUF=1)
  Clock Path Skew:        1.303ns (DCD - SCD - CPR)
    Destination Clock Delay (DCD):    1.303ns
    Source Clock Delay      (SCD):    0.000ns
    Clock Pessimism Removal (CPR):    -0.000ns
  Timing Exception:       False Path

    Location             Delay type                Incr(ns)  Path(ns)    Netlist Resource(s)
  -------------------------------------------------------------------    -------------------
    W13                                               0.000     0.000 r  motor_sw[2] (IN)
                         net (fo=0)                   0.000     0.000    motor_sw[2]
    W13                  IBUF (Prop_ibuf_I_O)         0.299     0.299 r  motor_sw_IBUF[2]_inst/O
                         net (fo=1, routed)           0.668     0.967    system_i/motor/inst/sw[2]
    SLICE_X94Y89         FDRE                                         r  system_i/motor/inst/sw_meta_reg[2]/D
  -------------------------------------------------------------------    -------------------

                         (clock clk_fpga_0 rise edge)
                                                      0.000     0.000 r  
    PS7_X0Y0             PS7                          0.000     0.000 r  system_i/ps/inst/PS7_i/FCLKCLK[0]
                         net (fo=1, routed)           0.337     0.337    system_i/ps/inst/FCLK_CLK_unbuffered[0]
    BUFGCTRL_X0Y17       BUFG (Prop_bufg_I_O)         0.029     0.366 r  system_i/ps/inst/buffer_fclk_clk_0.FCLK_CLK_0_BUFG_replica/O
                         net (fo=4, routed)           0.033     0.399    system_i/ps/inst/FCLK_CLK0_repN
    BUFGCTRL_X0Y16       BUFG (Prop_bufg_I_O)         0.029     0.428 r  system_i/ps/inst/buffer_fclk_clk_0.FCLK_CLK_0_BUFG/O
                         net (fo=8231, routed)        0.875     1.303    system_i/motor/inst/clk
    SLICE_X94Y89         FDRE                                         r  system_i/motor/inst/sw_meta_reg[2]/C





--------------------------------------------------------------------------------------
Path Group:  (none)
From Clock:  clk_fpga_0
  To Clock:  clk_fpga_0

Max Delay            61 Endpoints
Min Delay            61 Endpoints
--------------------------------------------------------------------------------------


Max Delay Paths
--------------------------------------------------------------------------------------
Slack:                    inf
  Source:                 system_i/interconnect/inst/clk_map/psr_aclk/U0/ACTIVE_LOW_BSR_OUT_DFF[0].FDRE_BSR_N/C
                            (rising edge-triggered cell FDRE clocked by clk_fpga_0  {rise@0.000ns fall@5.000ns period=10.000ns})
  Destination:            <hidden>
                            (recovery check against rising-edge clock clk_fpga_0  {rise@0.000ns fall@5.000ns period=10.000ns})
  Path Group:             (none)
  Path Type:              Recovery (Max at Slow Process Corner)
  Data Path Delay:        3.968ns  (logic 0.580ns (14.615%)  route 3.388ns (85.385%))
  Logic Levels:           1  (LUT1=1)
  Clock Path Skew:        -0.551ns (DCD - SCD + CPR)
    Destination Clock Delay (DCD):    2.883ns
    Source Clock Delay      (SCD):    3.434ns
    Clock Pessimism Removal (CPR):    0.000ns
  Clock Uncertainty:      0.154ns  ((TSJ^2 + TIJ^2)^1/2 + DJ) / 2 + PE
    Total System Jitter     (TSJ):    0.071ns
    Total Input Jitter      (TIJ):    0.300ns
    Discrete Jitter          (DJ):    0.000ns
    Phase Error              (PE):    0.000ns
  Timing Exception:       False Path

    Location             Delay type                Incr(ns)  Path(ns)    Netlist Resource(s)
  -------------------------------------------------------------------    -------------------
                         (clock clk_fpga_0 rise edge)
                                                      0.000     0.000 r  
    PS7_X0Y0             PS7                          0.000     0.000 r  system_i/ps/inst/PS7_i/FCLKCLK[0]
                         net (fo=1, routed)           1.193     1.193    system_i/ps/inst/FCLK_CLK_unbuffered[0]
    BUFGCTRL_X0Y17       BUFG (Prop_bufg_I_O)         0.101     1.294 r  system_i/ps/inst/buffer_fclk_clk_0.FCLK_CLK_0_BUFG_replica/O
                         net (fo=4, routed)           0.146     1.440    system_i/ps/inst/FCLK_CLK0_repN
    BUFGCTRL_X0Y16       BUFG (Prop_bufg_I_O)         0.101     1.541 r  system_i/ps/inst/buffer_fclk_clk_0.FCLK_CLK_0_BUFG/O
                         net (fo=8231, routed)        1.893     3.434    system_i/interconnect/inst/clk_map/psr_aclk/U0/aclk
    SLICE_X61Y120        FDRE                                         r  system_i/interconnect/inst/clk_map/psr_aclk/U0/ACTIVE_LOW_BSR_OUT_DFF[0].FDRE_BSR_N/C
  -------------------------------------------------------------------    -------------------
    SLICE_X61Y120        FDRE (Prop_fdre_C_Q)         0.456     3.890 r  system_i/interconnect/inst/clk_map/psr_aclk/U0/ACTIVE_LOW_BSR_OUT_DFF[0].FDRE_BSR_N/Q
                         net (fo=20, routed)          2.740     6.630    <hidden>
    SLICE_X40Y97         LUT1 (Prop_lut1_I0_O)        0.124     6.754 f  <hidden>
                         net (fo=3, routed)           0.648     7.402    <hidden>
    SLICE_X40Y97         FDCE                                         f  <hidden>
  -------------------------------------------------------------------    -------------------

                         (clock clk_fpga_0 rise edge)
                                                      0.000     0.000 r  
    PS7_X0Y0             PS7                          0.000     0.000 r  system_i/ps/inst/PS7_i/FCLKCLK[0]
                         net (fo=1, routed)           1.088     1.088    system_i/ps/inst/FCLK_CLK_unbuffered[0]
    BUFGCTRL_X0Y17       BUFG (Prop_bufg_I_O)         0.091     1.179 r  system_i/ps/inst/buffer_fclk_clk_0.FCLK_CLK_0_BUFG_replica/O
                         net (fo=4, routed)           0.133     1.312    system_i/ps/inst/FCLK_CLK0_repN
    BUFGCTRL_X0Y16       BUFG (Prop_bufg_I_O)         0.091     1.403 r  system_i/ps/inst/buffer_fclk_clk_0.FCLK_CLK_0_BUFG/O
                         net (fo=8231, routed)        1.480     2.883    <hidden>
    SLICE_X40Y97         FDCE                                         r  <hidden>





Min Delay Paths
--------------------------------------------------------------------------------------
Slack:                    inf
  Source:                 system_i/reset/U0/ACTIVE_LOW_BSR_OUT_DFF[0].FDRE_BSR_N/C
                            (rising edge-triggered cell FDRE clocked by clk_fpga_0  {rise@0.000ns fall@5.000ns period=10.000ns})
  Destination:            system_i/interconnect/inst/clk_map/psr_aclk/U0/EXT_LPF/ACTIVE_LOW_AUX.ACT_LO_AUX/GENERATE_LEVEL_P_S_CDC.SINGLE_BIT.CROSS_PLEVEL_IN2SCNDRY_IN_cdc_to/D
                            (rising edge-triggered cell FDRE clocked by clk_fpga_0  {rise@0.000ns fall@5.000ns period=10.000ns})
  Path Group:             (none)
  Path Type:              Hold (Min at Fast Process Corner)
  Data Path Delay:        0.465ns  (logic 0.186ns (40.007%)  route 0.279ns (59.993%))
  Logic Levels:           1  (LUT1=1)
  Clock Path Skew:        0.304ns (DCD - SCD - CPR)
    Destination Clock Delay (DCD):    1.352ns
    Source Clock Delay      (SCD):    1.048ns
    Clock Pessimism Removal (CPR):    -0.000ns
  Clock Uncertainty:      0.154ns  ((TSJ^2 + TIJ^2)^1/2 + DJ) / 2 + PE
    Total System Jitter     (TSJ):    0.071ns
    Total Input Jitter      (TIJ):    0.300ns
    Discrete Jitter          (DJ):    0.000ns
    Phase Error              (PE):    0.000ns
  Timing Exception:       False Path

    Location             Delay type                Incr(ns)  Path(ns)    Netlist Resource(s)
  -------------------------------------------------------------------    -------------------
                         (clock clk_fpga_0 rise edge)
                                                      0.000     0.000 r  
    PS7_X0Y0             PS7                          0.000     0.000 r  system_i/ps/inst/PS7_i/FCLKCLK[0]
                         net (fo=1, routed)           0.310     0.310    system_i/ps/inst/FCLK_CLK_unbuffered[0]
    BUFGCTRL_X0Y17       BUFG (Prop_bufg_I_O)         0.026     0.336 r  system_i/ps/inst/buffer_fclk_clk_0.FCLK_CLK_0_BUFG_replica/O
                         net (fo=4, routed)           0.030     0.366    system_i/ps/inst/FCLK_CLK0_repN
    BUFGCTRL_X0Y16       BUFG (Prop_bufg_I_O)         0.026     0.392 r  system_i/ps/inst/buffer_fclk_clk_0.FCLK_CLK_0_BUFG/O
                         net (fo=8231, routed)        0.656     1.048    system_i/reset/U0/slowest_sync_clk
    SLICE_X64Y116        FDRE                                         r  system_i/reset/U0/ACTIVE_LOW_BSR_OUT_DFF[0].FDRE_BSR_N/C
  -------------------------------------------------------------------    -------------------
    SLICE_X64Y116        FDRE (Prop_fdre_C_Q)         0.141     1.189 f  system_i/reset/U0/ACTIVE_LOW_BSR_OUT_DFF[0].FDRE_BSR_N/Q
                         net (fo=1, routed)           0.279     1.468    system_i/interconnect/inst/clk_map/psr_aclk/U0/EXT_LPF/ACTIVE_LOW_AUX.ACT_LO_AUX/aresetn
    SLICE_X63Y119        LUT1 (Prop_lut1_I0_O)        0.045     1.513 r  system_i/interconnect/inst/clk_map/psr_aclk/U0/EXT_LPF/ACTIVE_LOW_AUX.ACT_LO_AUX/GENERATE_LEVEL_P_S_CDC.SINGLE_BIT.CROSS_PLEVEL_IN2SCNDRY_IN_cdc_to_i_1/O
                         net (fo=1, routed)           0.000     1.513    system_i/interconnect/inst/clk_map/psr_aclk/U0/EXT_LPF/ACTIVE_LOW_AUX.ACT_LO_AUX/asr_d1
    SLICE_X63Y119        FDRE                                         r  system_i/interconnect/inst/clk_map/psr_aclk/U0/EXT_LPF/ACTIVE_LOW_AUX.ACT_LO_AUX/GENERATE_LEVEL_P_S_CDC.SINGLE_BIT.CROSS_PLEVEL_IN2SCNDRY_IN_cdc_to/D
  -------------------------------------------------------------------    -------------------

                         (clock clk_fpga_0 rise edge)
                                                      0.000     0.000 r  
    PS7_X0Y0             PS7                          0.000     0.000 r  system_i/ps/inst/PS7_i/FCLKCLK[0]
                         net (fo=1, routed)           0.337     0.337    system_i/ps/inst/FCLK_CLK_unbuffered[0]
    BUFGCTRL_X0Y17       BUFG (Prop_bufg_I_O)         0.029     0.366 r  system_i/ps/inst/buffer_fclk_clk_0.FCLK_CLK_0_BUFG_replica/O
                         net (fo=4, routed)           0.033     0.399    system_i/ps/inst/FCLK_CLK0_repN
    BUFGCTRL_X0Y16       BUFG (Prop_bufg_I_O)         0.029     0.428 r  system_i/ps/inst/buffer_fclk_clk_0.FCLK_CLK_0_BUFG/O
                         net (fo=8231, routed)        0.924     1.352    system_i/interconnect/inst/clk_map/psr_aclk/U0/EXT_LPF/ACTIVE_LOW_AUX.ACT_LO_AUX/aclk
    SLICE_X63Y119        FDRE                                         r  system_i/interconnect/inst/clk_map/psr_aclk/U0/EXT_LPF/ACTIVE_LOW_AUX.ACT_LO_AUX/GENERATE_LEVEL_P_S_CDC.SINGLE_BIT.CROSS_PLEVEL_IN2SCNDRY_IN_cdc_to/C





